Archive member included to satisfy reference by file (symbol)

c:/st/stm32cubeide_1.8.0/stm32cubeide/plugins/com.st.stm32cube.ide.mcu.externaltools.gnu-tools-for-stm32.9-2020-q2-update.win32_2.0.0.202105311346/tools/bin/../lib/gcc/arm-none-eabi/9.3.1/../../../../arm-none-eabi/lib/thumb/v7-m/nofp\libc_nano.a(lib_a-errno.o)
                              ./Core/Src/syscalls.o (__errno)
c:/st/stm32cubeide_1.8.0/stm32cubeide/plugins/com.st.stm32cube.ide.mcu.externaltools.gnu-tools-for-stm32.9-2020-q2-update.win32_2.0.0.202105311346/tools/bin/../lib/gcc/arm-none-eabi/9.3.1/../../../../arm-none-eabi/lib/thumb/v7-m/nofp\libc_nano.a(lib_a-exit.o)
                              c:/st/stm32cubeide_1.8.0/stm32cubeide/plugins/com.st.stm32cube.ide.mcu.externaltools.gnu-tools-for-stm32.9-2020-q2-update.win32_2.0.0.202105311346/tools/bin/../lib/gcc/arm-none-eabi/9.3.1/../../../../arm-none-eabi/lib/thumb/v7-m/nofp/crt0.o (exit)
c:/st/stm32cubeide_1.8.0/stm32cubeide/plugins/com.st.stm32cube.ide.mcu.externaltools.gnu-tools-for-stm32.9-2020-q2-update.win32_2.0.0.202105311346/tools/bin/../lib/gcc/arm-none-eabi/9.3.1/../../../../arm-none-eabi/lib/thumb/v7-m/nofp\libc_nano.a(lib_a-impure.o)
                              c:/st/stm32cubeide_1.8.0/stm32cubeide/plugins/com.st.stm32cube.ide.mcu.externaltools.gnu-tools-for-stm32.9-2020-q2-update.win32_2.0.0.202105311346/tools/bin/../lib/gcc/arm-none-eabi/9.3.1/../../../../arm-none-eabi/lib/thumb/v7-m/nofp\libc_nano.a(lib_a-exit.o) (_global_impure_ptr)
c:/st/stm32cubeide_1.8.0/stm32cubeide/plugins/com.st.stm32cube.ide.mcu.externaltools.gnu-tools-for-stm32.9-2020-q2-update.win32_2.0.0.202105311346/tools/bin/../lib/gcc/arm-none-eabi/9.3.1/../../../../arm-none-eabi/lib/thumb/v7-m/nofp\libc_nano.a(lib_a-init.o)
                              c:/st/stm32cubeide_1.8.0/stm32cubeide/plugins/com.st.stm32cube.ide.mcu.externaltools.gnu-tools-for-stm32.9-2020-q2-update.win32_2.0.0.202105311346/tools/bin/../lib/gcc/arm-none-eabi/9.3.1/../../../../arm-none-eabi/lib/thumb/v7-m/nofp/crt0.o (__libc_init_array)
c:/st/stm32cubeide_1.8.0/stm32cubeide/plugins/com.st.stm32cube.ide.mcu.externaltools.gnu-tools-for-stm32.9-2020-q2-update.win32_2.0.0.202105311346/tools/bin/../lib/gcc/arm-none-eabi/9.3.1/../../../../arm-none-eabi/lib/thumb/v7-m/nofp\libc_nano.a(lib_a-memset.o)
                              c:/st/stm32cubeide_1.8.0/stm32cubeide/plugins/com.st.stm32cube.ide.mcu.externaltools.gnu-tools-for-stm32.9-2020-q2-update.win32_2.0.0.202105311346/tools/bin/../lib/gcc/arm-none-eabi/9.3.1/../../../../arm-none-eabi/lib/thumb/v7-m/nofp/crt0.o (memset)
c:/st/stm32cubeide_1.8.0/stm32cubeide/plugins/com.st.stm32cube.ide.mcu.externaltools.gnu-tools-for-stm32.9-2020-q2-update.win32_2.0.0.202105311346/tools/bin/../lib/gcc/arm-none-eabi/9.3.1/thumb/v7-m/nofp\libgcc.a(_aeabi_uldivmod.o)
                              ./Drivers/STM32L1xx_HAL_Driver/Src/stm32l1xx_hal_rcc.o (__aeabi_uldivmod)
c:/st/stm32cubeide_1.8.0/stm32cubeide/plugins/com.st.stm32cube.ide.mcu.externaltools.gnu-tools-for-stm32.9-2020-q2-update.win32_2.0.0.202105311346/tools/bin/../lib/gcc/arm-none-eabi/9.3.1/thumb/v7-m/nofp\libgcc.a(_udivmoddi4.o)
                              c:/st/stm32cubeide_1.8.0/stm32cubeide/plugins/com.st.stm32cube.ide.mcu.externaltools.gnu-tools-for-stm32.9-2020-q2-update.win32_2.0.0.202105311346/tools/bin/../lib/gcc/arm-none-eabi/9.3.1/thumb/v7-m/nofp\libgcc.a(_aeabi_uldivmod.o) (__udivmoddi4)
c:/st/stm32cubeide_1.8.0/stm32cubeide/plugins/com.st.stm32cube.ide.mcu.externaltools.gnu-tools-for-stm32.9-2020-q2-update.win32_2.0.0.202105311346/tools/bin/../lib/gcc/arm-none-eabi/9.3.1/thumb/v7-m/nofp\libgcc.a(_dvmd_tls.o)
                              c:/st/stm32cubeide_1.8.0/stm32cubeide/plugins/com.st.stm32cube.ide.mcu.externaltools.gnu-tools-for-stm32.9-2020-q2-update.win32_2.0.0.202105311346/tools/bin/../lib/gcc/arm-none-eabi/9.3.1/thumb/v7-m/nofp\libgcc.a(_aeabi_uldivmod.o) (__aeabi_ldiv0)

Allocating common symbols
Common symbol       size              file

Digit               0x10              ./Core/Src/stm32l152c_discovery_glass_lcd.o
uwTick              0x4               ./Drivers/STM32L1xx_HAL_Driver/Src/stm32l1xx_hal.o
pFlash              0x18              ./Drivers/STM32L1xx_HAL_Driver/Src/stm32l1xx_hal_flash.o
LCDHandle           0x3c              ./Core/Src/stm32l152c_discovery_glass_lcd.o
hlcd                0x3c              ./Core/Src/main.o
hadc                0x54              ./Core/Src/main.o

Discarded input sections

 .text          0x0000000000000000        0x0 c:/st/stm32cubeide_1.8.0/stm32cubeide/plugins/com.st.stm32cube.ide.mcu.externaltools.gnu-tools-for-stm32.9-2020-q2-update.win32_2.0.0.202105311346/tools/bin/../lib/gcc/arm-none-eabi/9.3.1/thumb/v7-m/nofp/crti.o
[...]
Memory Configuration

Name             Origin             Length             Attributes
RAM              0x0000000020000000 0x0000000000004000 xrw
FLASH            0x0000000008000000 0x0000000000020000 xr
*default*        0x0000000000000000 0xffffffffffffffff

Linker script and memory map

LOAD c:/st/stm32cubeide_1.8.0/stm32cubeide/plugins/com.st.stm32cube.ide.mcu.externaltools.gnu-tools-for-stm32.9-2020-q2-update.win32_2.0.0.202105311346/tools/bin/../lib/gcc/arm-none-eabi/9.3.1/thumb/v7-m/nofp/crti.o
LOAD c:/st/stm32cubeide_1.8.0/stm32cubeide/plugins/com.st.stm32cube.ide.mcu.externaltools.gnu-tools-for-stm32.9-2020-q2-update.win32_2.0.0.202105311346/tools/bin/../lib/gcc/arm-none-eabi/9.3.1/thumb/v7-m/nofp/crtbegin.o
LOAD c:/st/stm32cubeide_1.8.0/stm32cubeide/plugins/com.st.stm32cube.ide.mcu.externaltools.gnu-tools-for-stm32.9-2020-q2-update.win32_2.0.0.202105311346/tools/bin/../lib/gcc/arm-none-eabi/9.3.1/../../../../arm-none-eabi/lib/thumb/v7-m/nofp/crt0.o
LOAD ./Core/Src/SDM_Utils.o
LOAD ./Core/Src/main.o
LOAD ./Core/Src/stm32l152c_discovery.o
LOAD ./Core/Src/stm32l152c_discovery_glass_lcd.o
LOAD ./Core/Src/stm32l1xx_hal_msp.o
LOAD ./Core/Src/stm32l1xx_it.o
LOAD ./Core/Src/syscalls.o
LOAD ./Core/Src/sysmem.o
LOAD ./Core/Src/system_stm32l1xx.o
LOAD ./Core/Startup/startup_stm32l152rbtx.o
LOAD ./Drivers/STM32L1xx_HAL_Driver/Src/stm32l1xx_hal.o
LOAD ./Drivers/STM32L1xx_HAL_Driver/Src/stm32l1xx_hal_adc.o
LOAD ./Drivers/STM32L1xx_HAL_Driver/Src/stm32l1xx_hal_adc_ex.o
LOAD ./Drivers/STM32L1xx_HAL_Driver/Src/stm32l1xx_hal_cortex.o
LOAD ./Drivers/STM32L1xx_HAL_Driver/Src/stm32l1xx_hal_dma.o
LOAD ./Drivers/STM32L1xx_HAL_Driver/Src/stm32l1xx_hal_exti.o
LOAD ./Drivers/STM32L1xx_HAL_Driver/Src/stm32l1xx_hal_flash.o
LOAD ./Drivers/STM32L1xx_HAL_Driver/Src/stm32l1xx_hal_flash_ex.o
LOAD ./Drivers/STM32L1xx_HAL_Driver/Src/stm32l1xx_hal_flash_ramfunc.o
LOAD ./Drivers/STM32L1xx_HAL_Driver/Src/stm32l1xx_hal_gpio.o
LOAD ./Drivers/STM32L1xx_HAL_Driver/Src/stm32l1xx_hal_lcd.o
LOAD ./Drivers/STM32L1xx_HAL_Driver/Src/stm32l1xx_hal_pwr.o
LOAD ./Drivers/STM32L1xx_HAL_Driver/Src/stm32l1xx_hal_pwr_ex.o
LOAD ./Drivers/STM32L1xx_HAL_Driver/Src/stm32l1xx_hal_rcc.o
LOAD ./Drivers/STM32L1xx_HAL_Driver/Src/stm32l1xx_hal_rcc_ex.o
LOAD ./Drivers/STM32L1xx_HAL_Driver/Src/stm32l1xx_hal_tim.o
LOAD ./Drivers/STM32L1xx_HAL_Driver/Src/stm32l1xx_hal_tim_ex.o
START GROUP
LOAD c:/st/stm32cubeide_1.8.0/stm32cubeide/plugins/com.st.stm32cube.ide.mcu.externaltools.gnu-tools-for-stm32.9-2020-q2-update.win32_2.0.0.202105311346/tools/bin/../lib/gcc/arm-none-eabi/9.3.1/../../../../arm-none-eabi/lib/thumb/v7-m/nofp\libc_nano.a
LOAD c:/st/stm32cubeide_1.8.0/stm32cubeide/plugins/com.st.stm32cube.ide.mcu.externaltools.gnu-tools-for-stm32.9-2020-q2-update.win32_2.0.0.202105311346/tools/bin/../lib/gcc/arm-none-eabi/9.3.1/../../../../arm-none-eabi/lib/thumb/v7-m/nofp\libm.a
END GROUP
START GROUP
LOAD c:/st/stm32cubeide_1.8.0/stm32cubeide/plugins/com.st.stm32cube.ide.mcu.externaltools.gnu-tools-for-stm32.9-2020-q2-update.win32_2.0.0.202105311346/tools/bin/../lib/gcc/arm-none-eabi/9.3.1/thumb/v7-m/nofp\libgcc.a
LOAD c:/st/stm32cubeide_1.8.0/stm32cubeide/plugins/com.st.stm32cube.ide.mcu.externaltools.gnu-tools-for-stm32.9-2020-q2-update.win32_2.0.0.202105311346/tools/bin/../lib/gcc/arm-none-eabi/9.3.1/../../../../arm-none-eabi/lib/thumb/v7-m/nofp\libc_nano.a
END GROUP
START GROUP
LOAD c:/st/stm32cubeide_1.8.0/stm32cubeide/plugins/com.st.stm32cube.ide.mcu.externaltools.gnu-tools-for-stm32.9-2020-q2-update.win32_2.0.0.202105311346/tools/bin/../lib/gcc/arm-none-eabi/9.3.1/thumb/v7-m/nofp\libgcc.a
LOAD c:/st/stm32cubeide_1.8.0/stm32cubeide/plugins/com.st.stm32cube.ide.mcu.externaltools.gnu-tools-for-stm32.9-2020-q2-update.win32_2.0.0.202105311346/tools/bin/../lib/gcc/arm-none-eabi/9.3.1/../../../../arm-none-eabi/lib/thumb/v7-m/nofp\libc_nano.a
LOAD c:/st/stm32cubeide_1.8.0/stm32cubeide/plugins/com.st.stm32cube.ide.mcu.externaltools.gnu-tools-for-stm32.9-2020-q2-update.win32_2.0.0.202105311346/tools/bin/../lib/gcc/arm-none-eabi/9.3.1/../../../../arm-none-eabi/lib/thumb/v7-m/nofp\libnosys.a
END GROUP
START GROUP
LOAD c:/st/stm32cubeide_1.8.0/stm32cubeide/plugins/com.st.stm32cube.ide.mcu.externaltools.gnu-tools-for-stm32.9-2020-q2-update.win32_2.0.0.202105311346/tools/bin/../lib/gcc/arm-none-eabi/9.3.1/thumb/v7-m/nofp\libgcc.a
LOAD c:/st/stm32cubeide_1.8.0/stm32cubeide/plugins/com.st.stm32cube.ide.mcu.externaltools.gnu-tools-for-stm32.9-2020-q2-update.win32_2.0.0.202105311346/tools/bin/../lib/gcc/arm-none-eabi/9.3.1/../../../../arm-none-eabi/lib/thumb/v7-m/nofp\libc_nano.a
LOAD c:/st/stm32cubeide_1.8.0/stm32cubeide/plugins/com.st.stm32cube.ide.mcu.externaltools.gnu-tools-for-stm32.9-2020-q2-update.win32_2.0.0.202105311346/tools/bin/../lib/gcc/arm-none-eabi/9.3.1/../../../../arm-none-eabi/lib/thumb/v7-m/nofp\libnosys.a
END GROUP
LOAD c:/st/stm32cubeide_1.8.0/stm32cubeide/plugins/com.st.stm32cube.ide.mcu.externaltools.gnu-tools-for-stm32.9-2020-q2-update.win32_2.0.0.202105311346/tools/bin/../lib/gcc/arm-none-eabi/9.3.1/thumb/v7-m/nofp/crtend.o
LOAD c:/st/stm32cubeide_1.8.0/stm32cubeide/plugins/com.st.stm32cube.ide.mcu.externaltools.gnu-tools-for-stm32.9-2020-q2-update.win32_2.0.0.202105311346/tools/bin/../lib/gcc/arm-none-eabi/9.3.1/thumb/v7-m/nofp/crtn.o
                0x0000000020004000                _estack = (ORIGIN (RAM) + LENGTH (RAM))
                0x0000000000000200                _Min_Heap_Size = 0x200
                0x0000000000000400                _Min_Stack_Size = 0x400

.isr_vector     0x0000000008000000      0x13c
                0x0000000008000000                . = ALIGN (0x4)
 *(.isr_vector)
 .isr_vector    0x0000000008000000      0x13c ./Core/Startup/startup_stm32l152rbtx.o
                0x0000000008000000                g_pfnVectors
                0x000000000800013c                . = ALIGN (0x4)

.text           0x000000000800013c     0x3584
                0x000000000800013c                . = ALIGN (0x4)
 *(.text)
 .text          0x000000000800013c       0x40 c:/st/stm32cubeide_1.8.0/stm32cubeide/plugins/com.st.stm32cube.ide.mcu.externaltools.gnu-tools-for-stm32.9-2020-q2-update.win32_2.0.0.202105311346/tools/bin/../lib/gcc/arm-none-eabi/9.3.1/thumb/v7-m/nofp/crtbegin.o
 .text          0x000000000800017c       0x30 c:/st/stm32cubeide_1.8.0/stm32cubeide/plugins/com.st.stm32cube.ide.mcu.externaltools.gnu-tools-for-stm32.9-2020-q2-update.win32_2.0.0.202105311346/tools/bin/../lib/gcc/arm-none-eabi/9.3.1/thumb/v7-m/nofp\libgcc.a(_aeabi_uldivmod.o)
                0x000000000800017c                __aeabi_uldivmod
 .text          0x00000000080001ac      0x2c4 c:/st/stm32cubeide_1.8.0/stm32cubeide/plugins/com.st.stm32cube.ide.mcu.externaltools.gnu-tools-for-stm32.9-2020-q2-update.win32_2.0.0.202105311346/tools/bin/../lib/gcc/arm-none-eabi/9.3.1/thumb/v7-m/nofp\libgcc.a(_udivmoddi4.o)
                0x00000000080001ac                __udivmoddi4
 .text          0x0000000008000470        0x4 c:/st/stm32cubeide_1.8.0/stm32cubeide/plugins/com.st.stm32cube.ide.mcu.externaltools.gnu-tools-for-stm32.9-2020-q2-update.win32_2.0.0.202105311346/tools/bin/../lib/gcc/arm-none-eabi/9.3.1/thumb/v7-m/nofp\libgcc.a(_dvmd_tls.o)
                0x0000000008000470                __aeabi_idiv0
                0x0000000008000470                __aeabi_ldiv0
 *(.text*)
 .text.espera   0x0000000008000474       0x28 ./Core/Src/SDM_Utils.o
                0x0000000008000474                espera
 .text.EXTI0_IRQHandler
                0x000000000800049c       0x7c ./Core/Src/main.o
                0x000000000800049c                EXTI0_IRQHandler
 .text.EXTI1_IRQHandler
                0x0000000008000518       0x34 ./Core/Src/main.o
                0x0000000008000518                EXTI1_IRQHandler
 .text.EXTI2_IRQHandler
                0x000000000800054c       0x34 ./Core/Src/main.o
                0x000000000800054c                EXTI2_IRQHandler
 .text.main     0x0000000008000580      0x26c ./Core/Src/main.o
                0x0000000008000580                main
 .text.SystemClock_Config
                0x00000000080007ec       0xd0 ./Core/Src/main.o
                0x00000000080007ec                SystemClock_Config
 .text.MX_ADC_Init
                0x00000000080008bc       0xb4 ./Core/Src/main.o
 .text.MX_LCD_Init
                0x0000000008000970       0x68 ./Core/Src/main.o
 .text.MX_TS_Init
                0x00000000080009d8        0xc ./Core/Src/main.o
 .text.MX_GPIO_Init
                0x00000000080009e4       0xb4 ./Core/Src/main.o
 .text.Error_Handler
                0x0000000008000a98        0xa ./Core/Src/main.o
                0x0000000008000a98                Error_Handler
 *fill*         0x0000000008000aa2        0x2 
 .text.BSP_LCD_GLASS_Init
                0x0000000008000aa4       0x70 ./Core/Src/stm32l152c_discovery_glass_lcd.o
                0x0000000008000aa4                BSP_LCD_GLASS_Init
 .text.BSP_LCD_GLASS_BarLevelConfig
                0x0000000008000b14      0x108 ./Core/Src/stm32l152c_discovery_glass_lcd.o
                0x0000000008000b14                BSP_LCD_GLASS_BarLevelConfig
 .text.BSP_LCD_GLASS_WriteChar
                0x0000000008000c1c       0x3c ./Core/Src/stm32l152c_discovery_glass_lcd.o
                0x0000000008000c1c                BSP_LCD_GLASS_WriteChar
 .text.BSP_LCD_GLASS_DisplayChar
                0x0000000008000c58      0x6fc ./Core/Src/stm32l152c_discovery_glass_lcd.o
                0x0000000008000c58                BSP_LCD_GLASS_DisplayChar
 .text.BSP_LCD_GLASS_DisplayString
                0x0000000008001354       0x52 ./Core/Src/stm32l152c_discovery_glass_lcd.o
                0x0000000008001354                BSP_LCD_GLASS_DisplayString
 *fill*         0x00000000080013a6        0x2 
 .text.BSP_LCD_GLASS_Clear
                0x00000000080013a8       0x14 ./Core/Src/stm32l152c_discovery_glass_lcd.o
                0x00000000080013a8                BSP_LCD_GLASS_Clear
 .text.LCD_MspInit
                0x00000000080013bc      0x140 ./Core/Src/stm32l152c_discovery_glass_lcd.o
 .text.Convert  0x00000000080014fc      0x2a4 ./Core/Src/stm32l152c_discovery_glass_lcd.o
 .text.HAL_MspInit
                0x00000000080017a0       0x60 ./Core/Src/stm32l1xx_hal_msp.o
                0x00000000080017a0                HAL_MspInit
 .text.HAL_ADC_MspInit
                0x0000000008001800       0x80 ./Core/Src/stm32l1xx_hal_msp.o
                0x0000000008001800                HAL_ADC_MspInit
 .text.HAL_LCD_MspInit
                0x0000000008001880      0x104 ./Core/Src/stm32l1xx_hal_msp.o
                0x0000000008001880                HAL_LCD_MspInit
 .text.NMI_Handler
                0x0000000008001984        0x6 ./Core/Src/stm32l1xx_it.o
                0x0000000008001984                NMI_Handler
 .text.HardFault_Handler
                0x000000000800198a        0x6 ./Core/Src/stm32l1xx_it.o
                0x000000000800198a                HardFault_Handler
 .text.MemManage_Handler
                0x0000000008001990        0x6 ./Core/Src/stm32l1xx_it.o
                0x0000000008001990                MemManage_Handler
 .text.BusFault_Handler
                0x0000000008001996        0x6 ./Core/Src/stm32l1xx_it.o
                0x0000000008001996                BusFault_Handler
 .text.UsageFault_Handler
                0x000000000800199c        0x6 ./Core/Src/stm32l1xx_it.o
                0x000000000800199c                UsageFault_Handler
 .text.SVC_Handler
                0x00000000080019a2        0xc ./Core/Src/stm32l1xx_it.o
                0x00000000080019a2                SVC_Handler
 .text.DebugMon_Handler
                0x00000000080019ae        0xc ./Core/Src/stm32l1xx_it.o
                0x00000000080019ae                DebugMon_Handler
 .text.PendSV_Handler
                0x00000000080019ba        0xc ./Core/Src/stm32l1xx_it.o
                0x00000000080019ba                PendSV_Handler
 .text.SysTick_Handler
                0x00000000080019c6        0xc ./Core/Src/stm32l1xx_it.o
                0x00000000080019c6                SysTick_Handler
 .text.SystemInit
                0x00000000080019d2        0xc ./Core/Src/system_stm32l1xx.o
                0x00000000080019d2                SystemInit
 *fill*         0x00000000080019de        0x2 
 .text.Reset_Handler
                0x00000000080019e0       0x48 ./Core/Startup/startup_stm32l152rbtx.o
                0x00000000080019e0                Reset_Handler
 .text.Default_Handler
                0x0000000008001a28        0x2 ./Core/Startup/startup_stm32l152rbtx.o
                0x0000000008001a28                RTC_Alarm_IRQHandler
                0x0000000008001a28                TIM10_IRQHandler
                0x0000000008001a28                USB_HP_IRQHandler
                0x0000000008001a28                TIM6_IRQHandler
                0x0000000008001a28                PVD_IRQHandler
                0x0000000008001a28                EXTI3_IRQHandler
                0x0000000008001a28                I2C2_EV_IRQHandler
                0x0000000008001a28                SPI1_IRQHandler
                0x0000000008001a28                USB_FS_WKUP_IRQHandler
                0x0000000008001a28                DMA1_Channel4_IRQHandler
                0x0000000008001a28                ADC1_IRQHandler
                0x0000000008001a28                USART3_IRQHandler
                0x0000000008001a28                DMA1_Channel7_IRQHandler
                0x0000000008001a28                LCD_IRQHandler
                0x0000000008001a28                TIM4_IRQHandler
                0x0000000008001a28                I2C1_EV_IRQHandler
                0x0000000008001a28                DMA1_Channel6_IRQHandler
                0x0000000008001a28                TIM3_IRQHandler
                0x0000000008001a28                RCC_IRQHandler
                0x0000000008001a28                DMA1_Channel1_IRQHandler
                0x0000000008001a28                Default_Handler
                0x0000000008001a28                EXTI15_10_IRQHandler
                0x0000000008001a28                TIM7_IRQHandler
                0x0000000008001a28                EXTI9_5_IRQHandler
                0x0000000008001a28                TIM9_IRQHandler
                0x0000000008001a28                TAMPER_STAMP_IRQHandler
                0x0000000008001a28                RTC_WKUP_IRQHandler
                0x0000000008001a28                SPI2_IRQHandler
                0x0000000008001a28                DMA1_Channel5_IRQHandler
                0x0000000008001a28                USB_LP_IRQHandler
                0x0000000008001a28                EXTI4_IRQHandler
                0x0000000008001a28                DMA1_Channel3_IRQHandler
                0x0000000008001a28                COMP_IRQHandler
                0x0000000008001a28                WWDG_IRQHandler
                0x0000000008001a28                TIM2_IRQHandler
                0x0000000008001a28                DAC_IRQHandler
                0x0000000008001a28                TIM11_IRQHandler
                0x0000000008001a28                USART2_IRQHandler
                0x0000000008001a28                I2C2_ER_IRQHandler
                0x0000000008001a28                DMA1_Channel2_IRQHandler
                0x0000000008001a28                FLASH_IRQHandler
                0x0000000008001a28                USART1_IRQHandler
                0x0000000008001a28                I2C1_ER_IRQHandler
 .text.HAL_Init
                0x0000000008001a2a       0x30 ./Drivers/STM32L1xx_HAL_Driver/Src/stm32l1xx_hal.o
                0x0000000008001a2a                HAL_Init
 *fill*         0x0000000008001a5a        0x2 
 .text.HAL_InitTick
                0x0000000008001a5c       0x74 ./Drivers/STM32L1xx_HAL_Driver/Src/stm32l1xx_hal.o
                0x0000000008001a5c                HAL_InitTick
 .text.HAL_IncTick
                0x0000000008001ad0       0x24 ./Drivers/STM32L1xx_HAL_Driver/Src/stm32l1xx_hal.o
                0x0000000008001ad0                HAL_IncTick
 .text.HAL_GetTick
                0x0000000008001af4       0x14 ./Drivers/STM32L1xx_HAL_Driver/Src/stm32l1xx_hal.o
                0x0000000008001af4                HAL_GetTick
 .text.HAL_Delay
                0x0000000008001b08       0x44 ./Drivers/STM32L1xx_HAL_Driver/Src/stm32l1xx_hal.o
                0x0000000008001b08                HAL_Delay
 .text.HAL_ADC_Init
                0x0000000008001b4c      0x28c ./Drivers/STM32L1xx_HAL_Driver/Src/stm32l1xx_hal_adc.o
                0x0000000008001b4c                HAL_ADC_Init
 .text.HAL_ADC_ConfigChannel
                0x0000000008001dd8      0x2a0 ./Drivers/STM32L1xx_HAL_Driver/Src/stm32l1xx_hal_adc.o
                0x0000000008001dd8                HAL_ADC_ConfigChannel
 .text.__NVIC_SetPriorityGrouping
                0x0000000008002078       0x48 ./Drivers/STM32L1xx_HAL_Driver/Src/stm32l1xx_hal_cortex.o
 .text.__NVIC_GetPriorityGrouping
                0x00000000080020c0       0x1c ./Drivers/STM32L1xx_HAL_Driver/Src/stm32l1xx_hal_cortex.o
 .text.__NVIC_SetPriority
                0x00000000080020dc       0x54 ./Drivers/STM32L1xx_HAL_Driver/Src/stm32l1xx_hal_cortex.o
 .text.NVIC_EncodePriority
                0x0000000008002130       0x64 ./Drivers/STM32L1xx_HAL_Driver/Src/stm32l1xx_hal_cortex.o
 .text.SysTick_Config
                0x0000000008002194       0x44 ./Drivers/STM32L1xx_HAL_Driver/Src/stm32l1xx_hal_cortex.o
 .text.HAL_NVIC_SetPriorityGrouping
                0x00000000080021d8       0x16 ./Drivers/STM32L1xx_HAL_Driver/Src/stm32l1xx_hal_cortex.o
                0x00000000080021d8                HAL_NVIC_SetPriorityGrouping
 .text.HAL_NVIC_SetPriority
                0x00000000080021ee       0x38 ./Drivers/STM32L1xx_HAL_Driver/Src/stm32l1xx_hal_cortex.o
                0x00000000080021ee                HAL_NVIC_SetPriority
 .text.HAL_SYSTICK_Config
                0x0000000008002226       0x18 ./Drivers/STM32L1xx_HAL_Driver/Src/stm32l1xx_hal_cortex.o
                0x0000000008002226                HAL_SYSTICK_Config
 *fill*         0x000000000800223e        0x2 
 .text.HAL_GPIO_Init
                0x0000000008002240      0x300 ./Drivers/STM32L1xx_HAL_Driver/Src/stm32l1xx_hal_gpio.o
                0x0000000008002240                HAL_GPIO_Init
 .text.HAL_GPIO_WritePin
                0x0000000008002540       0x30 ./Drivers/STM32L1xx_HAL_Driver/Src/stm32l1xx_hal_gpio.o
                0x0000000008002540                HAL_GPIO_WritePin
 .text.HAL_LCD_Init
                0x0000000008002570      0x178 ./Drivers/STM32L1xx_HAL_Driver/Src/stm32l1xx_hal_lcd.o
                0x0000000008002570                HAL_LCD_Init
 .text.HAL_LCD_Write
                0x00000000080026e8       0xbe ./Drivers/STM32L1xx_HAL_Driver/Src/stm32l1xx_hal_lcd.o
                0x00000000080026e8                HAL_LCD_Write
 .text.HAL_LCD_Clear
                0x00000000080027a6       0xb4 ./Drivers/STM32L1xx_HAL_Driver/Src/stm32l1xx_hal_lcd.o
                0x00000000080027a6                HAL_LCD_Clear
 .text.HAL_LCD_UpdateDisplayRequest
                0x000000000800285a       0x76 ./Drivers/STM32L1xx_HAL_Driver/Src/stm32l1xx_hal_lcd.o
                0x000000000800285a                HAL_LCD_UpdateDisplayRequest
 .text.LCD_WaitForSynchro
                0x00000000080028d0       0x46 ./Drivers/STM32L1xx_HAL_Driver/Src/stm32l1xx_hal_lcd.o
                0x00000000080028d0                LCD_WaitForSynchro
 *fill*         0x0000000008002916        0x2 
 .text.HAL_RCC_OscConfig
                0x0000000008002918      0x660 ./Drivers/STM32L1xx_HAL_Driver/Src/stm32l1xx_hal_rcc.o
                0x0000000008002918                HAL_RCC_OscConfig
 .text.HAL_RCC_ClockConfig
                0x0000000008002f78      0x268 ./Drivers/STM32L1xx_HAL_Driver/Src/stm32l1xx_hal_rcc.o
                0x0000000008002f78                HAL_RCC_ClockConfig
 .text.HAL_RCC_GetSysClockFreq
                0x00000000080031e0      0x19c ./Drivers/STM32L1xx_HAL_Driver/Src/stm32l1xx_hal_rcc.o
                0x00000000080031e0                HAL_RCC_GetSysClockFreq
 .text.RCC_SetFlashLatencyFromMSIRange
                0x000000000800337c       0xc0 ./Drivers/STM32L1xx_HAL_Driver/Src/stm32l1xx_hal_rcc.o
 .text.HAL_RCCEx_PeriphCLKConfig
                0x000000000800343c      0x214 ./Drivers/STM32L1xx_HAL_Driver/Src/stm32l1xx_hal_rcc_ex.o
                0x000000000800343c                HAL_RCCEx_PeriphCLKConfig
 .text.__libc_init_array
                0x0000000008003650       0x48 c:/st/stm32cubeide_1.8.0/stm32cubeide/plugins/com.st.stm32cube.ide.mcu.externaltools.gnu-tools-for-stm32.9-2020-q2-update.win32_2.0.0.202105311346/tools/bin/../lib/gcc/arm-none-eabi/9.3.1/../../../../arm-none-eabi/lib/thumb/v7-m/nofp\libc_nano.a(lib_a-init.o)
                0x0000000008003650                __libc_init_array
 .text.memset   0x0000000008003698       0x10 c:/st/stm32cubeide_1.8.0/stm32cubeide/plugins/com.st.stm32cube.ide.mcu.externaltools.gnu-tools-for-stm32.9-2020-q2-update.win32_2.0.0.202105311346/tools/bin/../lib/gcc/arm-none-eabi/9.3.1/../../../../arm-none-eabi/lib/thumb/v7-m/nofp\libc_nano.a(lib_a-memset.o)
                0x0000000008003698                memset
 *(.glue_7)
 .glue_7        0x00000000080036a8        0x0 linker stubs
 *(.glue_7t)
 .glue_7t       0x00000000080036a8        0x0 linker stubs
 *(.eh_frame)
 .eh_frame      0x00000000080036a8        0x0 c:/st/stm32cubeide_1.8.0/stm32cubeide/plugins/com.st.stm32cube.ide.mcu.externaltools.gnu-tools-for-stm32.9-2020-q2-update.win32_2.0.0.202105311346/tools/bin/../lib/gcc/arm-none-eabi/9.3.1/thumb/v7-m/nofp/crtbegin.o
 *(.init)
 .init          0x00000000080036a8        0x4 c:/st/stm32cubeide_1.8.0/stm32cubeide/plugins/com.st.stm32cube.ide.mcu.externaltools.gnu-tools-for-stm32.9-2020-q2-update.win32_2.0.0.202105311346/tools/bin/../lib/gcc/arm-none-eabi/9.3.1/thumb/v7-m/nofp/crti.o
                0x00000000080036a8                _init
 .init          0x00000000080036ac        0x8 c:/st/stm32cubeide_1.8.0/stm32cubeide/plugins/com.st.stm32cube.ide.mcu.externaltools.gnu-tools-for-stm32.9-2020-q2-update.win32_2.0.0.202105311346/tools/bin/../lib/gcc/arm-none-eabi/9.3.1/thumb/v7-m/nofp/crtn.o
 *(.fini)
 .fini          0x00000000080036b4        0x4 c:/st/stm32cubeide_1.8.0/stm32cubeide/plugins/com.st.stm32cube.ide.mcu.externaltools.gnu-tools-for-stm32.9-2020-q2-update.win32_2.0.0.202105311346/tools/bin/../lib/gcc/arm-none-eabi/9.3.1/thumb/v7-m/nofp/crti.o
                0x00000000080036b4                _fini
 .fini          0x00000000080036b8        0x8 c:/st/stm32cubeide_1.8.0/stm32cubeide/plugins/com.st.stm32cube.ide.mcu.externaltools.gnu-tools-for-stm32.9-2020-q2-update.win32_2.0.0.202105311346/tools/bin/../lib/gcc/arm-none-eabi/9.3.1/thumb/v7-m/nofp/crtn.o
                0x00000000080036c0                . = ALIGN (0x4)
                0x00000000080036c0                _etext = .

.vfp11_veneer   0x00000000080036c0        0x0
 .vfp11_veneer  0x00000000080036c0        0x0 linker stubs

.v4_bx          0x00000000080036c0        0x0
 .v4_bx         0x00000000080036c0        0x0 linker stubs

.iplt           0x00000000080036c0        0x0
 .iplt          0x00000000080036c0        0x0 c:/st/stm32cubeide_1.8.0/stm32cubeide/plugins/com.st.stm32cube.ide.mcu.externaltools.gnu-tools-for-stm32.9-2020-q2-update.win32_2.0.0.202105311346/tools/bin/../lib/gcc/arm-none-eabi/9.3.1/thumb/v7-m/nofp/crtbegin.o

.rodata         0x00000000080036c0       0x9c
                0x00000000080036c0                . = ALIGN (0x4)
 *(.rodata)
 .rodata        0x00000000080036c0       0x37 ./Core/Src/main.o
 *(.rodata*)
 *fill*         0x00000000080036f7        0x1 
 .rodata.CapLetterMap
                0x00000000080036f8       0x34 ./Core/Src/stm32l152c_discovery_glass_lcd.o
                0x00000000080036f8                CapLetterMap
 .rodata.NumberMap
                0x000000000800372c       0x14 ./Core/Src/stm32l152c_discovery_glass_lcd.o
                0x000000000800372c                NumberMap
 .rodata.PLLMulTable
                0x0000000008003740        0x9 ./Core/Src/system_stm32l1xx.o
                0x0000000008003740                PLLMulTable
 *fill*         0x0000000008003749        0x3 
 .rodata.AHBPrescTable
                0x000000000800374c       0x10 ./Core/Src/system_stm32l1xx.o
                0x000000000800374c                AHBPrescTable
                0x000000000800375c                . = ALIGN (0x4)

.ARM.extab      0x000000000800375c        0x0
                0x000000000800375c                . = ALIGN (0x4)
 *(.ARM.extab* .gnu.linkonce.armextab.*)
                0x000000000800375c                . = ALIGN (0x4)

.ARM            0x000000000800375c        0x8
                0x000000000800375c                . = ALIGN (0x4)
                0x000000000800375c                __exidx_start = .
 *(.ARM.exidx*)
 .ARM.exidx     0x000000000800375c        0x8 c:/st/stm32cubeide_1.8.0/stm32cubeide/plugins/com.st.stm32cube.ide.mcu.externaltools.gnu-tools-for-stm32.9-2020-q2-update.win32_2.0.0.202105311346/tools/bin/../lib/gcc/arm-none-eabi/9.3.1/thumb/v7-m/nofp\libgcc.a(_udivmoddi4.o)
                0x0000000008003764                __exidx_end = .
                0x0000000008003764                . = ALIGN (0x4)

.rel.dyn        0x0000000008003764        0x0
 .rel.iplt      0x0000000008003764        0x0 c:/st/stm32cubeide_1.8.0/stm32cubeide/plugins/com.st.stm32cube.ide.mcu.externaltools.gnu-tools-for-stm32.9-2020-q2-update.win32_2.0.0.202105311346/tools/bin/../lib/gcc/arm-none-eabi/9.3.1/thumb/v7-m/nofp/crtbegin.o

.preinit_array  0x0000000008003764        0x0
                0x0000000008003764                . = ALIGN (0x4)
                0x0000000008003764                PROVIDE (__preinit_array_start = .)
 *(.preinit_array*)
                0x0000000008003764                PROVIDE (__preinit_array_end = .)
                0x0000000008003764                . = ALIGN (0x4)

.init_array     0x0000000008003764        0x4
                0x0000000008003764                . = ALIGN (0x4)
                0x0000000008003764                PROVIDE (__init_array_start = .)
 *(SORT_BY_NAME(.init_array.*))
 *(.init_array*)
 .init_array    0x0000000008003764        0x4 c:/st/stm32cubeide_1.8.0/stm32cubeide/plugins/com.st.stm32cube.ide.mcu.externaltools.gnu-tools-for-stm32.9-2020-q2-update.win32_2.0.0.202105311346/tools/bin/../lib/gcc/arm-none-eabi/9.3.1/thumb/v7-m/nofp/crtbegin.o
                0x0000000008003768                PROVIDE (__init_array_end = .)
                0x0000000008003768                . = ALIGN (0x4)

.fini_array     0x0000000008003768        0x4
                0x0000000008003768                . = ALIGN (0x4)
                [!provide]                        PROVIDE (__fini_array_start = .)
 *(SORT_BY_NAME(.fini_array.*))
 *(.fini_array*)
 .fini_array    0x0000000008003768        0x4 c:/st/stm32cubeide_1.8.0/stm32cubeide/plugins/com.st.stm32cube.ide.mcu.externaltools.gnu-tools-for-stm32.9-2020-q2-update.win32_2.0.0.202105311346/tools/bin/../lib/gcc/arm-none-eabi/9.3.1/thumb/v7-m/nofp/crtbegin.o
                [!provide]                        PROVIDE (__fini_array_end = .)
                0x000000000800376c                . = ALIGN (0x4)
                0x000000000800376c                _sidata = LOADADDR (.data)

.data           0x0000000020000000       0x14 load address 0x000000000800376c
                0x0000000020000000                . = ALIGN (0x4)
                0x0000000020000000                _sdata = .
 *(.data)
 *(.data*)
 .data.game     0x0000000020000000        0x4 ./Core/Src/main.o
                0x0000000020000000                game
 .data.LCDBar   0x0000000020000004        0x1 ./Core/Src/stm32l152c_discovery_glass_lcd.o
                0x0000000020000004                LCDBar
 *fill*         0x0000000020000005        0x3 
 .data.SystemCoreClock
                0x0000000020000008        0x4 ./Core/Src/system_stm32l1xx.o
                0x0000000020000008                SystemCoreClock
 .data.uwTickPrio
                0x000000002000000c        0x4 ./Drivers/STM32L1xx_HAL_Driver/Src/stm32l1xx_hal.o
                0x000000002000000c                uwTickPrio
 .data.uwTickFreq
                0x0000000020000010        0x4 ./Drivers/STM32L1xx_HAL_Driver/Src/stm32l1xx_hal.o
                0x0000000020000010                uwTickFreq
 *(.RamFunc)
 *(.RamFunc*)
                0x0000000020000014                . = ALIGN (0x4)
                0x0000000020000014                _edata = .

.igot.plt       0x0000000020000014        0x0 load address 0x0000000008003780
 .igot.plt      0x0000000020000014        0x0 c:/st/stm32cubeide_1.8.0/stm32cubeide/plugins/com.st.stm32cube.ide.mcu.externaltools.gnu-tools-for-stm32.9-2020-q2-update.win32_2.0.0.202105311346/tools/bin/../lib/gcc/arm-none-eabi/9.3.1/thumb/v7-m/nofp/crtbegin.o
                0x0000000020000014                . = ALIGN (0x4)

.bss            0x0000000020000014      0x100 load address 0x0000000008003780
                0x0000000020000014                _sbss = .
                0x0000000020000014                __bss_start__ = _sbss
 *(.bss)
 .bss           0x0000000020000014       0x1c c:/st/stm32cubeide_1.8.0/stm32cubeide/plugins/com.st.stm32cube.ide.mcu.externaltools.gnu-tools-for-stm32.9-2020-q2-update.win32_2.0.0.202105311346/tools/bin/../lib/gcc/arm-none-eabi/9.3.1/thumb/v7-m/nofp/crtbegin.o
 *(.bss*)
 .bss.winner    0x0000000020000030        0x4 ./Core/Src/main.o
                0x0000000020000030                winner
 *(COMMON)
 COMMON         0x0000000020000034       0x90 ./Core/Src/main.o
                0x0000000020000034                hlcd
                0x0000000020000070                hadc
 COMMON         0x00000000200000c4       0x4c ./Core/Src/stm32l152c_discovery_glass_lcd.o
                0x00000000200000c4                Digit
                0x00000000200000d4                LCDHandle
 COMMON         0x0000000020000110        0x4 ./Drivers/STM32L1xx_HAL_Driver/Src/stm32l1xx_hal.o
                0x0000000020000110                uwTick
                0x0000000020000114                . = ALIGN (0x4)
                0x0000000020000114                _ebss = .
                0x0000000020000114                __bss_end__ = _ebss

._user_heap_stack
                0x0000000020000114      0x604 load address 0x0000000008003780
                0x0000000020000118                . = ALIGN (0x8)
 *fill*         0x0000000020000114        0x4 
                [!provide]                        PROVIDE (end = .)
                0x0000000020000118                PROVIDE (_end = .)
                0x0000000020000318                . = (. + _Min_Heap_Size)
 *fill*         0x0000000020000118      0x200 
                0x0000000020000718                . = (. + _Min_Stack_Size)
 *fill*         0x0000000020000318      0x400 
                0x0000000020000718                . = ALIGN (0x8)

/DISCARD/
 libc.a(*)
 libm.a(*)
 libgcc.a(*)

.ARM.attributes
                0x0000000000000000       0x29
 *(.ARM.attributes)
 .ARM.attributes
                0x0000000000000000       0x1d c:/st/stm32cubeide_1.8.0/stm32cubeide/plugins/com.st.stm32cube.ide.mcu.externaltools.gnu-tools-for-stm32.9-2020-q2-update.win32_2.0.0.202105311346/tools/bin/../lib/gcc/arm-none-eabi/9.3.1/thumb/v7-m/nofp/crti.o
 .ARM.attributes
                0x000000000000001d       0x2d c:/st/stm32cubeide_1.8.0/stm32cubeide/plugins/com.st.stm32cube.ide.mcu.externaltools.gnu-tools-for-stm32.9-2020-q2-update.win32_2.0.0.202105311346/tools/bin/../lib/gcc/arm-none-eabi/9.3.1/thumb/v7-m/nofp/crtbegin.o
 .ARM.attributes
                0x000000000000004a       0x2d ./Core/Src/SDM_Utils.o
 .ARM.attributes
                0x0000000000000077       0x2d ./Core/Src/main.o
 .ARM.attributes
                0x00000000000000a4       0x2d ./Core/Src/stm32l152c_discovery_glass_lcd.o
 .ARM.attributes
                0x00000000000000d1       0x2d ./Core/Src/stm32l1xx_hal_msp.o
 .ARM.attributes
                0x00000000000000fe       0x2d ./Core/Src/stm32l1xx_it.o
 .ARM.attributes
                0x000000000000012b       0x2d ./Core/Src/system_stm32l1xx.o
 .ARM.attributes
                0x0000000000000158       0x21 ./Core/Startup/startup_stm32l152rbtx.o
 .ARM.attributes
                0x0000000000000179       0x2d ./Drivers/STM32L1xx_HAL_Driver/Src/stm32l1xx_hal.o
 .ARM.attributes
                0x00000000000001a6       0x2d ./Drivers/STM32L1xx_HAL_Driver/Src/stm32l1xx_hal_adc.o
 .ARM.attributes
                0x00000000000001d3       0x2d ./Drivers/STM32L1xx_HAL_Driver/Src/stm32l1xx_hal_cortex.o
 .ARM.attributes
                0x0000000000000200       0x2d ./Drivers/STM32L1xx_HAL_Driver/Src/stm32l1xx_hal_gpio.o
 .ARM.attributes
                0x000000000000022d       0x2d ./Drivers/STM32L1xx_HAL_Driver/Src/stm32l1xx_hal_lcd.o
 .ARM.attributes
                0x000000000000025a       0x2d ./Drivers/STM32L1xx_HAL_Driver/Src/stm32l1xx_hal_rcc.o
 .ARM.attributes
                0x0000000000000287       0x2d ./Drivers/STM32L1xx_HAL_Driver/Src/stm32l1xx_hal_rcc_ex.o
 .ARM.attributes
                0x00000000000002b4       0x2d c:/st/stm32cubeide_1.8.0/stm32cubeide/plugins/com.st.stm32cube.ide.mcu.externaltools.gnu-tools-for-stm32.9-2020-q2-update.win32_2.0.0.202105311346/tools/bin/../lib/gcc/arm-none-eabi/9.3.1/../../../../arm-none-eabi/lib/thumb/v7-m/nofp\libc_nano.a(lib_a-init.o)
 .ARM.attributes
                0x00000000000002e1       0x2d c:/st/stm32cubeide_1.8.0/stm32cubeide/plugins/com.st.stm32cube.ide.mcu.externaltools.gnu-tools-for-stm32.9-2020-q2-update.win32_2.0.0.202105311346/tools/bin/../lib/gcc/arm-none-eabi/9.3.1/../../../../arm-none-eabi/lib/thumb/v7-m/nofp\libc_nano.a(lib_a-memset.o)
 .ARM.attributes
                0x000000000000030e       0x1d c:/st/stm32cubeide_1.8.0/stm32cubeide/plugins/com.st.stm32cube.ide.mcu.externaltools.gnu-tools-for-stm32.9-2020-q2-update.win32_2.0.0.202105311346/tools/bin/../lib/gcc/arm-none-eabi/9.3.1/thumb/v7-m/nofp\libgcc.a(_aeabi_uldivmod.o)
 .ARM.attributes
                0x000000000000032b       0x2d c:/st/stm32cubeide_1.8.0/stm32cubeide/plugins/com.st.stm32cube.ide.mcu.externaltools.gnu-tools-for-stm32.9-2020-q2-update.win32_2.0.0.202105311346/tools/bin/../lib/gcc/arm-none-eabi/9.3.1/thumb/v7-m/nofp\libgcc.a(_udivmoddi4.o)
 .ARM.attributes
                0x0000000000000358       0x1d c:/st/stm32cubeide_1.8.0/stm32cubeide/plugins/com.st.stm32cube.ide.mcu.externaltools.gnu-tools-for-stm32.9-2020-q2-update.win32_2.0.0.202105311346/tools/bin/../lib/gcc/arm-none-eabi/9.3.1/thumb/v7-m/nofp\libgcc.a(_dvmd_tls.o)
 .ARM.attributes
                0x0000000000000375       0x1d c:/st/stm32cubeide_1.8.0/stm32cubeide/plugins/com.st.stm32cube.ide.mcu.externaltools.gnu-tools-for-stm32.9-2020-q2-update.win32_2.0.0.202105311346/tools/bin/../lib/gcc/arm-none-eabi/9.3.1/thumb/v7-m/nofp/crtn.o
OUTPUT(Micros_LAB_Project.elf elf32-littlearm)
LOAD linker stubs
LOAD c:/st/stm32cubeide_1.8.0/stm32cubeide/plugins/com.st.stm32cube.ide.mcu.externaltools.gnu-tools-for-stm32.9-2020-q2-update.win32_2.0.0.202105311346/tools/bin/../lib/gcc/arm-none-eabi/9.3.1/../../../../arm-none-eabi/lib/thumb/v7-m/nofp\libc.a
LOAD c:/st/stm32cubeide_1.8.0/stm32cubeide/plugins/com.st.stm32cube.ide.mcu.externaltools.gnu-tools-for-stm32.9-2020-q2-update.win32_2.0.0.202105311346/tools/bin/../lib/gcc/arm-none-eabi/9.3.1/../../../../arm-none-eabi/lib/thumb/v7-m/nofp\libm.a
LOAD c:/st/stm32cubeide_1.8.0/stm32cubeide/plugins/com.st.stm32cube.ide.mcu.externaltools.gnu-tools-for-stm32.9-2020-q2-update.win32_2.0.0.202105311346/tools/bin/../lib/gcc/arm-none-eabi/9.3.1/thumb/v7-m/nofp\libgcc.a

.debug_info     0x0000000000000000     0x6f1d
 .debug_info    0x0000000000000000       0xe7 ./Core/Src/SDM_Utils.o
 .debug_info    0x00000000000000e7     0x1046 ./Core/Src/main.o
 .debug_info    0x000000000000112d      0xd5d ./Core/Src/stm32l152c_discovery_glass_lcd.o
 .debug_info    0x0000000000001e8a      0xbf4 ./Core/Src/stm32l1xx_hal_msp.o
 .debug_info    0x0000000000002a7e      0x213 ./Core/Src/stm32l1xx_it.o
 .debug_info    0x0000000000002c91      0x2f8 ./Core/Src/system_stm32l1xx.o
 .debug_info    0x0000000000002f89       0x22 ./Core/Startup/startup_stm32l152rbtx.o
 .debug_info    0x0000000000002fab      0x741 ./Drivers/STM32L1xx_HAL_Driver/Src/stm32l1xx_hal.o
 .debug_info    0x00000000000036ec      0xf7e ./Drivers/STM32L1xx_HAL_Driver/Src/stm32l1xx_hal_adc.o
 .debug_info    0x000000000000466a      0xdf6 ./Drivers/STM32L1xx_HAL_Driver/Src/stm32l1xx_hal_cortex.o
 .debug_info    0x0000000000005460      0x704 ./Drivers/STM32L1xx_HAL_Driver/Src/stm32l1xx_hal_gpio.o
 .debug_info    0x0000000000005b64      0x5fe ./Drivers/STM32L1xx_HAL_Driver/Src/stm32l1xx_hal_lcd.o
 .debug_info    0x0000000000006162      0x98d ./Drivers/STM32L1xx_HAL_Driver/Src/stm32l1xx_hal_rcc.o
 .debug_info    0x0000000000006aef      0x42e ./Drivers/STM32L1xx_HAL_Driver/Src/stm32l1xx_hal_rcc_ex.o

.debug_abbrev   0x0000000000000000     0x18e0
 .debug_abbrev  0x0000000000000000       0x85 ./Core/Src/SDM_Utils.o
 .debug_abbrev  0x0000000000000085      0x2a6 ./Core/Src/main.o
 .debug_abbrev  0x000000000000032b      0x234 ./Core/Src/stm32l152c_discovery_glass_lcd.o
 .debug_abbrev  0x000000000000055f      0x1ac ./Core/Src/stm32l1xx_hal_msp.o
 .debug_abbrev  0x000000000000070b       0xb6 ./Core/Src/stm32l1xx_it.o
 .debug_abbrev  0x00000000000007c1      0x129 ./Core/Src/system_stm32l1xx.o
 .debug_abbrev  0x00000000000008ea       0x12 ./Core/Startup/startup_stm32l152rbtx.o
 .debug_abbrev  0x00000000000008fc      0x24b ./Drivers/STM32L1xx_HAL_Driver/Src/stm32l1xx_hal.o
 .debug_abbrev  0x0000000000000b47      0x26b ./Drivers/STM32L1xx_HAL_Driver/Src/stm32l1xx_hal_adc.o
 .debug_abbrev  0x0000000000000db2      0x33c ./Drivers/STM32L1xx_HAL_Driver/Src/stm32l1xx_hal_cortex.o
 .debug_abbrev  0x00000000000010ee      0x1f1 ./Drivers/STM32L1xx_HAL_Driver/Src/stm32l1xx_hal_gpio.o
 .debug_abbrev  0x00000000000012df      0x1e6 ./Drivers/STM32L1xx_HAL_Driver/Src/stm32l1xx_hal_lcd.o
 .debug_abbrev  0x00000000000014c5      0x268 ./Drivers/STM32L1xx_HAL_Driver/Src/stm32l1xx_hal_rcc.o
 .debug_abbrev  0x000000000000172d      0x1b3 ./Drivers/STM32L1xx_HAL_Driver/Src/stm32l1xx_hal_rcc_ex.o

.debug_aranges  0x0000000000000000      0x680
 .debug_aranges
                0x0000000000000000       0x28 ./Core/Src/SDM_Utils.o
 .debug_aranges
                0x0000000000000028       0x68 ./Core/Src/main.o
 .debug_aranges
                0x0000000000000090       0x98 ./Core/Src/stm32l152c_discovery_glass_lcd.o
 .debug_aranges
                0x0000000000000128       0x40 ./Core/Src/stm32l1xx_hal_msp.o
 .debug_aranges
                0x0000000000000168       0x60 ./Core/Src/stm32l1xx_it.o
 .debug_aranges
                0x00000000000001c8       0x28 ./Core/Src/system_stm32l1xx.o
 .debug_aranges
                0x00000000000001f0       0x28 ./Core/Startup/startup_stm32l152rbtx.o
 .debug_aranges
                0x0000000000000218       0xe0 ./Drivers/STM32L1xx_HAL_Driver/Src/stm32l1xx_hal.o
 .debug_aranges
                0x00000000000002f8       0xf0 ./Drivers/STM32L1xx_HAL_Driver/Src/stm32l1xx_hal_adc.o
 .debug_aranges
                0x00000000000003e8      0x118 ./Drivers/STM32L1xx_HAL_Driver/Src/stm32l1xx_hal_cortex.o
 .debug_aranges
                0x0000000000000500       0x58 ./Drivers/STM32L1xx_HAL_Driver/Src/stm32l1xx_hal_gpio.o
 .debug_aranges
                0x0000000000000558       0x68 ./Drivers/STM32L1xx_HAL_Driver/Src/stm32l1xx_hal_lcd.o
 .debug_aranges
                0x00000000000005c0       0x90 ./Drivers/STM32L1xx_HAL_Driver/Src/stm32l1xx_hal_rcc.o
 .debug_aranges
                0x0000000000000650       0x30 ./Drivers/STM32L1xx_HAL_Driver/Src/stm32l1xx_hal_rcc_ex.o

.debug_ranges   0x0000000000000000      0x5a8
 .debug_ranges  0x0000000000000000       0x18 ./Core/Src/SDM_Utils.o
 .debug_ranges  0x0000000000000018       0x58 ./Core/Src/main.o
 .debug_ranges  0x0000000000000070       0x88 ./Core/Src/stm32l152c_discovery_glass_lcd.o
 .debug_ranges  0x00000000000000f8       0x30 ./Core/Src/stm32l1xx_hal_msp.o
 .debug_ranges  0x0000000000000128       0x50 ./Core/Src/stm32l1xx_it.o
 .debug_ranges  0x0000000000000178       0x18 ./Core/Src/system_stm32l1xx.o
 .debug_ranges  0x0000000000000190       0x20 ./Core/Startup/startup_stm32l152rbtx.o
 .debug_ranges  0x00000000000001b0       0xd0 ./Drivers/STM32L1xx_HAL_Driver/Src/stm32l1xx_hal.o
 .debug_ranges  0x0000000000000280       0xe0 ./Drivers/STM32L1xx_HAL_Driver/Src/stm32l1xx_hal_adc.o
 .debug_ranges  0x0000000000000360      0x108 ./Drivers/STM32L1xx_HAL_Driver/Src/stm32l1xx_hal_cortex.o
 .debug_ranges  0x0000000000000468       0x48 ./Drivers/STM32L1xx_HAL_Driver/Src/stm32l1xx_hal_gpio.o
 .debug_ranges  0x00000000000004b0       0x58 ./Drivers/STM32L1xx_HAL_Driver/Src/stm32l1xx_hal_lcd.o
 .debug_ranges  0x0000000000000508       0x80 ./Drivers/STM32L1xx_HAL_Driver/Src/stm32l1xx_hal_rcc.o
 .debug_ranges  0x0000000000000588       0x20 ./Drivers/STM32L1xx_HAL_Driver/Src/stm32l1xx_hal_rcc_ex.o

.debug_macro    0x0000000000000000    0x13eec
 .debug_macro   0x0000000000000000       0x11 ./Core/Src/SDM_Utils.o
 .debug_macro   0x0000000000000011      0xa9c ./Core/Src/SDM_Utils.o
 .debug_macro   0x0000000000000aad      0x1de ./Core/Src/main.o
 .debug_macro   0x0000000000000c8b      0x10f ./Core/Src/main.o
 .debug_macro   0x0000000000000d9a       0x2e ./Core/Src/main.o
 .debug_macro   0x0000000000000dc8       0x22 ./Core/Src/main.o
 .debug_macro   0x0000000000000dea       0x22 ./Core/Src/main.o
 .debug_macro   0x0000000000000e0c       0x8e ./Core/Src/main.o
 .debug_macro   0x0000000000000e9a       0x51 ./Core/Src/main.o
 .debug_macro   0x0000000000000eeb      0x103 ./Core/Src/main.o
 .debug_macro   0x0000000000000fee       0x6a ./Core/Src/main.o
 .debug_macro   0x0000000000001058      0x1df ./Core/Src/main.o
 .debug_macro   0x0000000000001237       0x1c ./Core/Src/main.o
 .debug_macro   0x0000000000001253       0x22 ./Core/Src/main.o
 .debug_macro   0x0000000000001275       0xc3 ./Core/Src/main.o
 .debug_macro   0x0000000000001338      0xe49 ./Core/Src/main.o
 .debug_macro   0x0000000000002181      0x11f ./Core/Src/main.o
 .debug_macro   0x00000000000022a0     0x9bee ./Core/Src/main.o
 .debug_macro   0x000000000000be8e       0x6d ./Core/Src/main.o
 .debug_macro   0x000000000000befb     0x34ca ./Core/Src/main.o
 .debug_macro   0x000000000000f3c5      0x174 ./Core/Src/main.o
 .debug_macro   0x000000000000f539       0x5b ./Core/Src/main.o
 .debug_macro   0x000000000000f594      0xe38 ./Core/Src/main.o
 .debug_macro   0x00000000000103cc       0xbd ./Core/Src/main.o
 .debug_macro   0x0000000000010489      0x1b9 ./Core/Src/main.o
 .debug_macro   0x0000000000010642       0xad ./Core/Src/main.o
 .debug_macro   0x00000000000106ef      0x21e ./Core/Src/main.o
 .debug_macro   0x000000000001090d      0x236 ./Core/Src/main.o
 .debug_macro   0x0000000000010b43      0x631 ./Core/Src/main.o
 .debug_macro   0x0000000000011174      0x15e ./Core/Src/main.o
 .debug_macro   0x00000000000112d2      0x108 ./Core/Src/main.o
 .debug_macro   0x00000000000113da      0x281 ./Core/Src/main.o
 .debug_macro   0x000000000001165b      0x3d3 ./Core/Src/main.o
 .debug_macro   0x0000000000011a2e      0x1e9 ./Core/Src/main.o
 .debug_macro   0x0000000000011c17       0x22 ./Core/Src/main.o
 .debug_macro   0x0000000000011c39      0x15c ./Core/Src/main.o
 .debug_macro   0x0000000000011d95      0x3ce ./Core/Src/main.o
 .debug_macro   0x0000000000012163      0x20c ./Core/Src/main.o
 .debug_macro   0x000000000001236f       0x88 ./Core/Src/main.o
 .debug_macro   0x00000000000123f7      0x7ac ./Core/Src/main.o
 .debug_macro   0x0000000000012ba3      0x1eb ./Core/Src/stm32l152c_discovery_glass_lcd.o
 .debug_macro   0x0000000000012d8e      0x1be ./Core/Src/stm32l1xx_hal_msp.o
 .debug_macro   0x0000000000012f4c      0x1c8 ./Core/Src/stm32l1xx_it.o
 .debug_macro   0x0000000000013114      0x1af ./Core/Src/system_stm32l1xx.o
 .debug_macro   0x00000000000132c3      0x1d3 ./Drivers/STM32L1xx_HAL_Driver/Src/stm32l1xx_hal.o
 .debug_macro   0x0000000000013496      0x1cc ./Drivers/STM32L1xx_HAL_Driver/Src/stm32l1xx_hal_adc.o
 .debug_macro   0x0000000000013662      0x1af ./Drivers/STM32L1xx_HAL_Driver/Src/stm32l1xx_hal_cortex.o
 .debug_macro   0x0000000000013811      0x1b6 ./Drivers/STM32L1xx_HAL_Driver/Src/stm32l1xx_hal_gpio.o
 .debug_macro   0x00000000000139c7      0x1b5 ./Drivers/STM32L1xx_HAL_Driver/Src/stm32l1xx_hal_lcd.o
 .debug_macro   0x0000000000013b7c      0x1c1 ./Drivers/STM32L1xx_HAL_Driver/Src/stm32l1xx_hal_rcc.o
 .debug_macro   0x0000000000013d3d      0x1af ./Drivers/STM32L1xx_HAL_Driver/Src/stm32l1xx_hal_rcc_ex.o

.debug_line     0x0000000000000000     0x7f9d
 .debug_line    0x0000000000000000       0xc7 ./Core/Src/SDM_Utils.o
 .debug_line    0x00000000000000c7      0x9ab ./Core/Src/main.o
 .debug_line    0x0000000000000a72      0xf62 ./Core/Src/stm32l152c_discovery_glass_lcd.o
 .debug_line    0x00000000000019d4      0x76b ./Core/Src/stm32l1xx_hal_msp.o
 .debug_line    0x000000000000213f      0x76e ./Core/Src/stm32l1xx_it.o
 .debug_line    0x00000000000028ad      0x74a ./Core/Src/system_stm32l1xx.o
 .debug_line    0x0000000000002ff7       0x87 ./Core/Startup/startup_stm32l152rbtx.o
 .debug_line    0x000000000000307e      0x96f ./Drivers/STM32L1xx_HAL_Driver/Src/stm32l1xx_hal.o
 .debug_line    0x00000000000039ed      0xf58 ./Drivers/STM32L1xx_HAL_Driver/Src/stm32l1xx_hal_adc.o
 .debug_line    0x0000000000004945      0xc3c ./Drivers/STM32L1xx_HAL_Driver/Src/stm32l1xx_hal_cortex.o
 .debug_line    0x0000000000005581      0x9c1 ./Drivers/STM32L1xx_HAL_Driver/Src/stm32l1xx_hal_gpio.o
 .debug_line    0x0000000000005f42      0x971 ./Drivers/STM32L1xx_HAL_Driver/Src/stm32l1xx_hal_lcd.o
 .debug_line    0x00000000000068b3      0xe78 ./Drivers/STM32L1xx_HAL_Driver/Src/stm32l1xx_hal_rcc.o
 .debug_line    0x000000000000772b      0x872 ./Drivers/STM32L1xx_HAL_Driver/Src/stm32l1xx_hal_rcc_ex.o

.debug_str      0x0000000000000000    0x7c558
 .debug_str     0x0000000000000000     0x2dac ./Core/Src/SDM_Utils.o
                                       0x2dcd (size before relaxing)
 .debug_str     0x0000000000002dac    0x77f7c ./Core/Src/main.o
                                      0x7affe (size before relaxing)
 .debug_str     0x000000000007ad28      0x459 ./Core/Src/stm32l152c_discovery_glass_lcd.o
                                      0x7a765 (size before relaxing)
 .debug_str     0x000000000007b181       0x70 ./Core/Src/stm32l1xx_hal_msp.o
                                      0x77f18 (size before relaxing)
 .debug_str     0x000000000007b1f1       0xbd ./Core/Src/stm32l1xx_it.o
                                      0x7799b (size before relaxing)
 .debug_str     0x000000000007b2ae       0x61 ./Core/Src/system_stm32l1xx.o
                                      0x7721e (size before relaxing)
 .debug_str     0x000000000007b30f       0x36 ./Core/Startup/startup_stm32l152rbtx.o
                                         0x6c (size before relaxing)
 .debug_str     0x000000000007b345      0x5b0 ./Drivers/STM32L1xx_HAL_Driver/Src/stm32l1xx_hal.o
                                      0x7787a (size before relaxing)
 .debug_str     0x000000000007b8f5      0x34b ./Drivers/STM32L1xx_HAL_Driver/Src/stm32l1xx_hal_adc.o
                                      0x77983 (size before relaxing)
 .debug_str     0x000000000007bc40      0x3ba ./Drivers/STM32L1xx_HAL_Driver/Src/stm32l1xx_hal_cortex.o
                                      0x779ac (size before relaxing)
 .debug_str     0x000000000007bffa      0x116 ./Drivers/STM32L1xx_HAL_Driver/Src/stm32l1xx_hal_gpio.o
                                      0x773fb (size before relaxing)
 .debug_str     0x000000000007c110      0x102 ./Drivers/STM32L1xx_HAL_Driver/Src/stm32l1xx_hal_lcd.o
                                      0x77444 (size before relaxing)
 .debug_str     0x000000000007c212      0x295 ./Drivers/STM32L1xx_HAL_Driver/Src/stm32l1xx_hal_rcc.o
                                      0x7768d (size before relaxing)
 .debug_str     0x000000000007c4a7       0xb1 ./Drivers/STM32L1xx_HAL_Driver/Src/stm32l1xx_hal_rcc_ex.o
                                      0x77351 (size before relaxing)

.comment        0x0000000000000000       0x53
 .comment       0x0000000000000000       0x53 ./Core/Src/SDM_Utils.o
                                         0x54 (size before relaxing)
 .comment       0x0000000000000053       0x54 ./Core/Src/main.o
 .comment       0x0000000000000053       0x54 ./Core/Src/stm32l152c_discovery_glass_lcd.o
 .comment       0x0000000000000053       0x54 ./Core/Src/stm32l1xx_hal_msp.o
 .comment       0x0000000000000053       0x54 ./Core/Src/stm32l1xx_it.o
 .comment       0x0000000000000053       0x54 ./Core/Src/system_stm32l1xx.o
 .comment       0x0000000000000053       0x54 ./Drivers/STM32L1xx_HAL_Driver/Src/stm32l1xx_hal.o
 .comment       0x0000000000000053       0x54 ./Drivers/STM32L1xx_HAL_Driver/Src/stm32l1xx_hal_adc.o
 .comment       0x0000000000000053       0x54 ./Drivers/STM32L1xx_HAL_Driver/Src/stm32l1xx_hal_cortex.o
 .comment       0x0000000000000053       0x54 ./Drivers/STM32L1xx_HAL_Driver/Src/stm32l1xx_hal_gpio.o
 .comment       0x0000000000000053       0x54 ./Drivers/STM32L1xx_HAL_Driver/Src/stm32l1xx_hal_lcd.o
 .comment       0x0000000000000053       0x54 ./Drivers/STM32L1xx_HAL_Driver/Src/stm32l1xx_hal_rcc.o
 .comment       0x0000000000000053       0x54 ./Drivers/STM32L1xx_HAL_Driver/Src/stm32l1xx_hal_rcc_ex.o

.debug_frame    0x0000000000000000     0x1808
 .debug_frame   0x0000000000000000       0x60 ./Core/Src/SDM_Utils.o
 .debug_frame   0x0000000000000060      0x148 ./Core/Src/main.o
 .debug_frame   0x00000000000001a8      0x240 ./Core/Src/stm32l152c_discovery_glass_lcd.o
 .debug_frame   0x00000000000003e8       0xc4 ./Core/Src/stm32l1xx_hal_msp.o
 .debug_frame   0x00000000000004ac      0x104 ./Core/Src/stm32l1xx_it.o
 .debug_frame   0x00000000000005b0       0x58 ./Core/Src/system_stm32l1xx.o
 .debug_frame   0x0000000000000608      0x33c ./Drivers/STM32L1xx_HAL_Driver/Src/stm32l1xx_hal.o
 .debug_frame   0x0000000000000944      0x40c ./Drivers/STM32L1xx_HAL_Driver/Src/stm32l1xx_hal_adc.o
 .debug_frame   0x0000000000000d50      0x498 ./Drivers/STM32L1xx_HAL_Driver/Src/stm32l1xx_hal_cortex.o
 .debug_frame   0x00000000000011e8      0x14c ./Drivers/STM32L1xx_HAL_Driver/Src/stm32l1xx_hal_gpio.o
 .debug_frame   0x0000000000001334      0x188 ./Drivers/STM32L1xx_HAL_Driver/Src/stm32l1xx_hal_lcd.o
 .debug_frame   0x00000000000014bc      0x21c ./Drivers/STM32L1xx_HAL_Driver/Src/stm32l1xx_hal_rcc.o
 .debug_frame   0x00000000000016d8       0x84 ./Drivers/STM32L1xx_HAL_Driver/Src/stm32l1xx_hal_rcc_ex.o
 .debug_frame   0x000000000000175c       0x2c c:/st/stm32cubeide_1.8.0/stm32cubeide/plugins/com.st.stm32cube.ide.mcu.externaltools.gnu-tools-for-stm32.9-2020-q2-update.win32_2.0.0.202105311346/tools/bin/../lib/gcc/arm-none-eabi/9.3.1/../../../../arm-none-eabi/lib/thumb/v7-m/nofp\libc_nano.a(lib_a-init.o)
 .debug_frame   0x0000000000001788       0x20 c:/st/stm32cubeide_1.8.0/stm32cubeide/plugins/com.st.stm32cube.ide.mcu.externaltools.gnu-tools-for-stm32.9-2020-q2-update.win32_2.0.0.202105311346/tools/bin/../lib/gcc/arm-none-eabi/9.3.1/../../../../arm-none-eabi/lib/thumb/v7-m/nofp\libc_nano.a(lib_a-memset.o)
 .debug_frame   0x00000000000017a8       0x2c c:/st/stm32cubeide_1.8.0/stm32cubeide/plugins/com.st.stm32cube.ide.mcu.externaltools.gnu-tools-for-stm32.9-2020-q2-update.win32_2.0.0.202105311346/tools/bin/../lib/gcc/arm-none-eabi/9.3.1/thumb/v7-m/nofp\libgcc.a(_aeabi_uldivmod.o)
 .debug_frame   0x00000000000017d4       0x34 c:/st/stm32cubeide_1.8.0/stm32cubeide/plugins/com.st.stm32cube.ide.mcu.externaltools.gnu-tools-for-stm32.9-2020-q2-update.win32_2.0.0.202105311346/tools/bin/../lib/gcc/arm-none-eabi/9.3.1/thumb/v7-m/nofp\libgcc.a(_udivmoddi4.o)
