Archive member included to satisfy reference by file (symbol)

c:/st/stm32cubeide_1.8.0/stm32cubeide/plugins/com.st.stm32cube.ide.mcu.externaltools.gnu-tools-for-stm32.9-2020-q2-update.win32_2.0.0.202105311346/tools/bin/../lib/gcc/arm-none-eabi/9.3.1/../../../../arm-none-eabi/lib/thumb/v7-m/nofp\libc_nano.a(lib_a-errno.o)
                              ./Core/Src/syscalls.o (__errno)
c:/st/stm32cubeide_1.8.0/stm32cubeide/plugins/com.st.stm32cube.ide.mcu.externaltools.gnu-tools-for-stm32.9-2020-q2-update.win32_2.0.0.202105311346/tools/bin/../lib/gcc/arm-none-eabi/9.3.1/../../../../arm-none-eabi/lib/thumb/v7-m/nofp\libc_nano.a(lib_a-exit.o)
                              c:/st/stm32cubeide_1.8.0/stm32cubeide/plugins/com.st.stm32cube.ide.mcu.externaltools.gnu-tools-for-stm32.9-2020-q2-update.win32_2.0.0.202105311346/tools/bin/../lib/gcc/arm-none-eabi/9.3.1/../../../../arm-none-eabi/lib/thumb/v7-m/nofp/crt0.o (exit)
c:/st/stm32cubeide_1.8.0/stm32cubeide/plugins/com.st.stm32cube.ide.mcu.externaltools.gnu-tools-for-stm32.9-2020-q2-update.win32_2.0.0.202105311346/tools/bin/../lib/gcc/arm-none-eabi/9.3.1/../../../../arm-none-eabi/lib/thumb/v7-m/nofp\libc_nano.a(lib_a-impure.o)
                              c:/st/stm32cubeide_1.8.0/stm32cubeide/plugins/com.st.stm32cube.ide.mcu.externaltools.gnu-tools-for-stm32.9-2020-q2-update.win32_2.0.0.202105311346/tools/bin/../lib/gcc/arm-none-eabi/9.3.1/../../../../arm-none-eabi/lib/thumb/v7-m/nofp\libc_nano.a(lib_a-exit.o) (_global_impure_ptr)
c:/st/stm32cubeide_1.8.0/stm32cubeide/plugins/com.st.stm32cube.ide.mcu.externaltools.gnu-tools-for-stm32.9-2020-q2-update.win32_2.0.0.202105311346/tools/bin/../lib/gcc/arm-none-eabi/9.3.1/../../../../arm-none-eabi/lib/thumb/v7-m/nofp\libc_nano.a(lib_a-init.o)
                              c:/st/stm32cubeide_1.8.0/stm32cubeide/plugins/com.st.stm32cube.ide.mcu.externaltools.gnu-tools-for-stm32.9-2020-q2-update.win32_2.0.0.202105311346/tools/bin/../lib/gcc/arm-none-eabi/9.3.1/../../../../arm-none-eabi/lib/thumb/v7-m/nofp/crt0.o (__libc_init_array)
c:/st/stm32cubeide_1.8.0/stm32cubeide/plugins/com.st.stm32cube.ide.mcu.externaltools.gnu-tools-for-stm32.9-2020-q2-update.win32_2.0.0.202105311346/tools/bin/../lib/gcc/arm-none-eabi/9.3.1/../../../../arm-none-eabi/lib/thumb/v7-m/nofp\libc_nano.a(lib_a-memset.o)
                              c:/st/stm32cubeide_1.8.0/stm32cubeide/plugins/com.st.stm32cube.ide.mcu.externaltools.gnu-tools-for-stm32.9-2020-q2-update.win32_2.0.0.202105311346/tools/bin/../lib/gcc/arm-none-eabi/9.3.1/../../../../arm-none-eabi/lib/thumb/v7-m/nofp/crt0.o (memset)
c:/st/stm32cubeide_1.8.0/stm32cubeide/plugins/com.st.stm32cube.ide.mcu.externaltools.gnu-tools-for-stm32.9-2020-q2-update.win32_2.0.0.202105311346/tools/bin/../lib/gcc/arm-none-eabi/9.3.1/thumb/v7-m/nofp\libgcc.a(_aeabi_uldivmod.o)
                              ./Drivers/STM32L1xx_HAL_Driver/Src/stm32l1xx_hal_rcc.o (__aeabi_uldivmod)
c:/st/stm32cubeide_1.8.0/stm32cubeide/plugins/com.st.stm32cube.ide.mcu.externaltools.gnu-tools-for-stm32.9-2020-q2-update.win32_2.0.0.202105311346/tools/bin/../lib/gcc/arm-none-eabi/9.3.1/thumb/v7-m/nofp\libgcc.a(_udivmoddi4.o)
                              c:/st/stm32cubeide_1.8.0/stm32cubeide/plugins/com.st.stm32cube.ide.mcu.externaltools.gnu-tools-for-stm32.9-2020-q2-update.win32_2.0.0.202105311346/tools/bin/../lib/gcc/arm-none-eabi/9.3.1/thumb/v7-m/nofp\libgcc.a(_aeabi_uldivmod.o) (__udivmoddi4)
c:/st/stm32cubeide_1.8.0/stm32cubeide/plugins/com.st.stm32cube.ide.mcu.externaltools.gnu-tools-for-stm32.9-2020-q2-update.win32_2.0.0.202105311346/tools/bin/../lib/gcc/arm-none-eabi/9.3.1/thumb/v7-m/nofp\libgcc.a(_dvmd_tls.o)
                              c:/st/stm32cubeide_1.8.0/stm32cubeide/plugins/com.st.stm32cube.ide.mcu.externaltools.gnu-tools-for-stm32.9-2020-q2-update.win32_2.0.0.202105311346/tools/bin/../lib/gcc/arm-none-eabi/9.3.1/thumb/v7-m/nofp\libgcc.a(_aeabi_uldivmod.o) (__aeabi_ldiv0)

Allocating common symbols
Common symbol       size              file

Digit               0x10              ./Core/Src/stm32l152c_discovery_glass_lcd.o
uwTick              0x4               ./Drivers/STM32L1xx_HAL_Driver/Src/stm32l1xx_hal.o
pFlash              0x18              ./Drivers/STM32L1xx_HAL_Driver/Src/stm32l1xx_hal_flash.o
LCDHandle           0x3c              ./Core/Src/stm32l152c_discovery_glass_lcd.o
hlcd                0x3c              ./Core/Src/main.o
hadc                0x54              ./Core/Src/main.o

Discarded input sections

 .text          0x0000000000000000        0x0 c:/st/stm32cubeide_1.8.0/stm32cubeide/plugins/com.st.stm32cube.ide.mcu.externaltools.gnu-tools-for-stm32.9-2020-q2-update.win32_2.0.0.202105311346/tools/bin/../lib/gcc/arm-none-eabi/9.3.1/thumb/v7-m/nofp/crti.o
[...]
Memory Configuration

Name             Origin             Length             Attributes
RAM              0x0000000020000000 0x0000000000004000 xrw
FLASH            0x0000000008000000 0x0000000000020000 xr
*default*        0x0000000000000000 0xffffffffffffffff

Linker script and memory map

LOAD c:/st/stm32cubeide_1.8.0/stm32cubeide/plugins/com.st.stm32cube.ide.mcu.externaltools.gnu-tools-for-stm32.9-2020-q2-update.win32_2.0.0.202105311346/tools/bin/../lib/gcc/arm-none-eabi/9.3.1/thumb/v7-m/nofp/crti.o
LOAD c:/st/stm32cubeide_1.8.0/stm32cubeide/plugins/com.st.stm32cube.ide.mcu.externaltools.gnu-tools-for-stm32.9-2020-q2-update.win32_2.0.0.202105311346/tools/bin/../lib/gcc/arm-none-eabi/9.3.1/thumb/v7-m/nofp/crtbegin.o
LOAD c:/st/stm32cubeide_1.8.0/stm32cubeide/plugins/com.st.stm32cube.ide.mcu.externaltools.gnu-tools-for-stm32.9-2020-q2-update.win32_2.0.0.202105311346/tools/bin/../lib/gcc/arm-none-eabi/9.3.1/../../../../arm-none-eabi/lib/thumb/v7-m/nofp/crt0.o
LOAD ./Core/Src/SDM_Utils.o
LOAD ./Core/Src/main.o
LOAD ./Core/Src/stm32l152c_discovery.o
LOAD ./Core/Src/stm32l152c_discovery_glass_lcd.o
LOAD ./Core/Src/stm32l1xx_hal_msp.o
LOAD ./Core/Src/stm32l1xx_it.o
LOAD ./Core/Src/syscalls.o
LOAD ./Core/Src/sysmem.o
LOAD ./Core/Src/system_stm32l1xx.o
LOAD ./Core/Startup/startup_stm32l152rbtx.o
LOAD ./Drivers/STM32L1xx_HAL_Driver/Src/stm32l1xx_hal.o
LOAD ./Drivers/STM32L1xx_HAL_Driver/Src/stm32l1xx_hal_adc.o
LOAD ./Drivers/STM32L1xx_HAL_Driver/Src/stm32l1xx_hal_adc_ex.o
LOAD ./Drivers/STM32L1xx_HAL_Driver/Src/stm32l1xx_hal_cortex.o
LOAD ./Drivers/STM32L1xx_HAL_Driver/Src/stm32l1xx_hal_dma.o
LOAD ./Drivers/STM32L1xx_HAL_Driver/Src/stm32l1xx_hal_exti.o
LOAD ./Drivers/STM32L1xx_HAL_Driver/Src/stm32l1xx_hal_flash.o
LOAD ./Drivers/STM32L1xx_HAL_Driver/Src/stm32l1xx_hal_flash_ex.o
LOAD ./Drivers/STM32L1xx_HAL_Driver/Src/stm32l1xx_hal_flash_ramfunc.o
LOAD ./Drivers/STM32L1xx_HAL_Driver/Src/stm32l1xx_hal_gpio.o
LOAD ./Drivers/STM32L1xx_HAL_Driver/Src/stm32l1xx_hal_lcd.o
LOAD ./Drivers/STM32L1xx_HAL_Driver/Src/stm32l1xx_hal_pwr.o
LOAD ./Drivers/STM32L1xx_HAL_Driver/Src/stm32l1xx_hal_pwr_ex.o
LOAD ./Drivers/STM32L1xx_HAL_Driver/Src/stm32l1xx_hal_rcc.o
LOAD ./Drivers/STM32L1xx_HAL_Driver/Src/stm32l1xx_hal_rcc_ex.o
LOAD ./Drivers/STM32L1xx_HAL_Driver/Src/stm32l1xx_hal_tim.o
LOAD ./Drivers/STM32L1xx_HAL_Driver/Src/stm32l1xx_hal_tim_ex.o
START GROUP
LOAD c:/st/stm32cubeide_1.8.0/stm32cubeide/plugins/com.st.stm32cube.ide.mcu.externaltools.gnu-tools-for-stm32.9-2020-q2-update.win32_2.0.0.202105311346/tools/bin/../lib/gcc/arm-none-eabi/9.3.1/../../../../arm-none-eabi/lib/thumb/v7-m/nofp\libc_nano.a
LOAD c:/st/stm32cubeide_1.8.0/stm32cubeide/plugins/com.st.stm32cube.ide.mcu.externaltools.gnu-tools-for-stm32.9-2020-q2-update.win32_2.0.0.202105311346/tools/bin/../lib/gcc/arm-none-eabi/9.3.1/../../../../arm-none-eabi/lib/thumb/v7-m/nofp\libm.a
END GROUP
START GROUP
LOAD c:/st/stm32cubeide_1.8.0/stm32cubeide/plugins/com.st.stm32cube.ide.mcu.externaltools.gnu-tools-for-stm32.9-2020-q2-update.win32_2.0.0.202105311346/tools/bin/../lib/gcc/arm-none-eabi/9.3.1/thumb/v7-m/nofp\libgcc.a
LOAD c:/st/stm32cubeide_1.8.0/stm32cubeide/plugins/com.st.stm32cube.ide.mcu.externaltools.gnu-tools-for-stm32.9-2020-q2-update.win32_2.0.0.202105311346/tools/bin/../lib/gcc/arm-none-eabi/9.3.1/../../../../arm-none-eabi/lib/thumb/v7-m/nofp\libc_nano.a
END GROUP
START GROUP
LOAD c:/st/stm32cubeide_1.8.0/stm32cubeide/plugins/com.st.stm32cube.ide.mcu.externaltools.gnu-tools-for-stm32.9-2020-q2-update.win32_2.0.0.202105311346/tools/bin/../lib/gcc/arm-none-eabi/9.3.1/thumb/v7-m/nofp\libgcc.a
LOAD c:/st/stm32cubeide_1.8.0/stm32cubeide/plugins/com.st.stm32cube.ide.mcu.externaltools.gnu-tools-for-stm32.9-2020-q2-update.win32_2.0.0.202105311346/tools/bin/../lib/gcc/arm-none-eabi/9.3.1/../../../../arm-none-eabi/lib/thumb/v7-m/nofp\libc_nano.a
LOAD c:/st/stm32cubeide_1.8.0/stm32cubeide/plugins/com.st.stm32cube.ide.mcu.externaltools.gnu-tools-for-stm32.9-2020-q2-update.win32_2.0.0.202105311346/tools/bin/../lib/gcc/arm-none-eabi/9.3.1/../../../../arm-none-eabi/lib/thumb/v7-m/nofp\libnosys.a
END GROUP
START GROUP
LOAD c:/st/stm32cubeide_1.8.0/stm32cubeide/plugins/com.st.stm32cube.ide.mcu.externaltools.gnu-tools-for-stm32.9-2020-q2-update.win32_2.0.0.202105311346/tools/bin/../lib/gcc/arm-none-eabi/9.3.1/thumb/v7-m/nofp\libgcc.a
LOAD c:/st/stm32cubeide_1.8.0/stm32cubeide/plugins/com.st.stm32cube.ide.mcu.externaltools.gnu-tools-for-stm32.9-2020-q2-update.win32_2.0.0.202105311346/tools/bin/../lib/gcc/arm-none-eabi/9.3.1/../../../../arm-none-eabi/lib/thumb/v7-m/nofp\libc_nano.a
LOAD c:/st/stm32cubeide_1.8.0/stm32cubeide/plugins/com.st.stm32cube.ide.mcu.externaltools.gnu-tools-for-stm32.9-2020-q2-update.win32_2.0.0.202105311346/tools/bin/../lib/gcc/arm-none-eabi/9.3.1/../../../../arm-none-eabi/lib/thumb/v7-m/nofp\libnosys.a
END GROUP
LOAD c:/st/stm32cubeide_1.8.0/stm32cubeide/plugins/com.st.stm32cube.ide.mcu.externaltools.gnu-tools-for-stm32.9-2020-q2-update.win32_2.0.0.202105311346/tools/bin/../lib/gcc/arm-none-eabi/9.3.1/thumb/v7-m/nofp/crtend.o
LOAD c:/st/stm32cubeide_1.8.0/stm32cubeide/plugins/com.st.stm32cube.ide.mcu.externaltools.gnu-tools-for-stm32.9-2020-q2-update.win32_2.0.0.202105311346/tools/bin/../lib/gcc/arm-none-eabi/9.3.1/thumb/v7-m/nofp/crtn.o
                0x0000000020004000                _estack = (ORIGIN (RAM) + LENGTH (RAM))
                0x0000000000000200                _Min_Heap_Size = 0x200
                0x0000000000000400                _Min_Stack_Size = 0x400

.isr_vector     0x0000000008000000      0x13c
                0x0000000008000000                . = ALIGN (0x4)
 *(.isr_vector)
 .isr_vector    0x0000000008000000      0x13c ./Core/Startup/startup_stm32l152rbtx.o
                0x0000000008000000                g_pfnVectors
                0x000000000800013c                . = ALIGN (0x4)

.text           0x000000000800013c     0x3560
                0x000000000800013c                . = ALIGN (0x4)
 *(.text)
 .text          0x000000000800013c       0x40 c:/st/stm32cubeide_1.8.0/stm32cubeide/plugins/com.st.stm32cube.ide.mcu.externaltools.gnu-tools-for-stm32.9-2020-q2-update.win32_2.0.0.202105311346/tools/bin/../lib/gcc/arm-none-eabi/9.3.1/thumb/v7-m/nofp/crtbegin.o
 .text          0x000000000800017c       0x30 c:/st/stm32cubeide_1.8.0/stm32cubeide/plugins/com.st.stm32cube.ide.mcu.externaltools.gnu-tools-for-stm32.9-2020-q2-update.win32_2.0.0.202105311346/tools/bin/../lib/gcc/arm-none-eabi/9.3.1/thumb/v7-m/nofp\libgcc.a(_aeabi_uldivmod.o)
                0x000000000800017c                __aeabi_uldivmod
 .text          0x00000000080001ac      0x2c4 c:/st/stm32cubeide_1.8.0/stm32cubeide/plugins/com.st.stm32cube.ide.mcu.externaltools.gnu-tools-for-stm32.9-2020-q2-update.win32_2.0.0.202105311346/tools/bin/../lib/gcc/arm-none-eabi/9.3.1/thumb/v7-m/nofp\libgcc.a(_udivmoddi4.o)
                0x00000000080001ac                __udivmoddi4
 .text          0x0000000008000470        0x4 c:/st/stm32cubeide_1.8.0/stm32cubeide/plugins/com.st.stm32cube.ide.mcu.externaltools.gnu-tools-for-stm32.9-2020-q2-update.win32_2.0.0.202105311346/tools/bin/../lib/gcc/arm-none-eabi/9.3.1/thumb/v7-m/nofp\libgcc.a(_dvmd_tls.o)
                0x0000000008000470                __aeabi_idiv0
                0x0000000008000470                __aeabi_ldiv0
 *(.text*)
 .text.espera   0x0000000008000474       0x28 ./Core/Src/SDM_Utils.o
                0x0000000008000474                espera
 .text.EXTI0_IRQHandler
                0x000000000800049c       0x44 ./Core/Src/main.o
                0x000000000800049c                EXTI0_IRQHandler
 .text.EXTI15_10_IRQHandler
                0x00000000080004e0       0x58 ./Core/Src/main.o
                0x00000000080004e0                EXTI15_10_IRQHandler
 .text.main     0x0000000008000538      0x290 ./Core/Src/main.o
                0x0000000008000538                main
 .text.SystemClock_Config
                0x00000000080007c8       0xd0 ./Core/Src/main.o
                0x00000000080007c8                SystemClock_Config
 .text.MX_ADC_Init
                0x0000000008000898       0xb4 ./Core/Src/main.o
 .text.MX_LCD_Init
                0x000000000800094c       0x68 ./Core/Src/main.o
 .text.MX_TS_Init
                0x00000000080009b4        0xc ./Core/Src/main.o
 .text.MX_GPIO_Init
                0x00000000080009c0       0xb4 ./Core/Src/main.o
 .text.Error_Handler
                0x0000000008000a74        0xa ./Core/Src/main.o
                0x0000000008000a74                Error_Handler
 *fill*         0x0000000008000a7e        0x2 
 .text.BSP_LCD_GLASS_Init
                0x0000000008000a80       0x70 ./Core/Src/stm32l152c_discovery_glass_lcd.o
                0x0000000008000a80                BSP_LCD_GLASS_Init
 .text.BSP_LCD_GLASS_BarLevelConfig
                0x0000000008000af0      0x108 ./Core/Src/stm32l152c_discovery_glass_lcd.o
                0x0000000008000af0                BSP_LCD_GLASS_BarLevelConfig
 .text.BSP_LCD_GLASS_WriteChar
                0x0000000008000bf8       0x3c ./Core/Src/stm32l152c_discovery_glass_lcd.o
                0x0000000008000bf8                BSP_LCD_GLASS_WriteChar
 .text.BSP_LCD_GLASS_DisplayChar
                0x0000000008000c34      0x6fc ./Core/Src/stm32l152c_discovery_glass_lcd.o
                0x0000000008000c34                BSP_LCD_GLASS_DisplayChar
 .text.BSP_LCD_GLASS_DisplayString
                0x0000000008001330       0x52 ./Core/Src/stm32l152c_discovery_glass_lcd.o
                0x0000000008001330                BSP_LCD_GLASS_DisplayString
 *fill*         0x0000000008001382        0x2 
 .text.BSP_LCD_GLASS_Clear
                0x0000000008001384       0x14 ./Core/Src/stm32l152c_discovery_glass_lcd.o
                0x0000000008001384                BSP_LCD_GLASS_Clear
 .text.LCD_MspInit
                0x0000000008001398      0x140 ./Core/Src/stm32l152c_discovery_glass_lcd.o
 .text.Convert  0x00000000080014d8      0x2a4 ./Core/Src/stm32l152c_discovery_glass_lcd.o
 .text.HAL_MspInit
                0x000000000800177c       0x60 ./Core/Src/stm32l1xx_hal_msp.o
                0x000000000800177c                HAL_MspInit
 .text.HAL_ADC_MspInit
                0x00000000080017dc       0x80 ./Core/Src/stm32l1xx_hal_msp.o
                0x00000000080017dc                HAL_ADC_MspInit
 .text.HAL_LCD_MspInit
                0x000000000800185c      0x104 ./Core/Src/stm32l1xx_hal_msp.o
                0x000000000800185c                HAL_LCD_MspInit
 .text.NMI_Handler
                0x0000000008001960        0x6 ./Core/Src/stm32l1xx_it.o
                0x0000000008001960                NMI_Handler
 .text.HardFault_Handler
                0x0000000008001966        0x6 ./Core/Src/stm32l1xx_it.o
                0x0000000008001966                HardFault_Handler
 .text.MemManage_Handler
                0x000000000800196c        0x6 ./Core/Src/stm32l1xx_it.o
                0x000000000800196c                MemManage_Handler
 .text.BusFault_Handler
                0x0000000008001972        0x6 ./Core/Src/stm32l1xx_it.o
                0x0000000008001972                BusFault_Handler
 .text.UsageFault_Handler
                0x0000000008001978        0x6 ./Core/Src/stm32l1xx_it.o
                0x0000000008001978                UsageFault_Handler
 .text.SVC_Handler
                0x000000000800197e        0xc ./Core/Src/stm32l1xx_it.o
                0x000000000800197e                SVC_Handler
 .text.DebugMon_Handler
                0x000000000800198a        0xc ./Core/Src/stm32l1xx_it.o
                0x000000000800198a                DebugMon_Handler
 .text.PendSV_Handler
                0x0000000008001996        0xc ./Core/Src/stm32l1xx_it.o
                0x0000000008001996                PendSV_Handler
 .text.SysTick_Handler
                0x00000000080019a2        0xc ./Core/Src/stm32l1xx_it.o
                0x00000000080019a2                SysTick_Handler
 .text.SystemInit
                0x00000000080019ae        0xc ./Core/Src/system_stm32l1xx.o
                0x00000000080019ae                SystemInit
 *fill*         0x00000000080019ba        0x2 
 .text.Reset_Handler
                0x00000000080019bc       0x48 ./Core/Startup/startup_stm32l152rbtx.o
                0x00000000080019bc                Reset_Handler
 .text.Default_Handler
                0x0000000008001a04        0x2 ./Core/Startup/startup_stm32l152rbtx.o
                0x0000000008001a04                RTC_Alarm_IRQHandler
                0x0000000008001a04                EXTI2_IRQHandler
                0x0000000008001a04                TIM10_IRQHandler
                0x0000000008001a04                USB_HP_IRQHandler
                0x0000000008001a04                TIM6_IRQHandler
                0x0000000008001a04                PVD_IRQHandler
                0x0000000008001a04                EXTI3_IRQHandler
                0x0000000008001a04                I2C2_EV_IRQHandler
                0x0000000008001a04                SPI1_IRQHandler
                0x0000000008001a04                USB_FS_WKUP_IRQHandler
                0x0000000008001a04                DMA1_Channel4_IRQHandler
                0x0000000008001a04                ADC1_IRQHandler
                0x0000000008001a04                USART3_IRQHandler
                0x0000000008001a04                DMA1_Channel7_IRQHandler
                0x0000000008001a04                LCD_IRQHandler
                0x0000000008001a04                TIM4_IRQHandler
                0x0000000008001a04                I2C1_EV_IRQHandler
                0x0000000008001a04                DMA1_Channel6_IRQHandler
                0x0000000008001a04                TIM3_IRQHandler
                0x0000000008001a04                RCC_IRQHandler
                0x0000000008001a04                DMA1_Channel1_IRQHandler
                0x0000000008001a04                Default_Handler
                0x0000000008001a04                TIM7_IRQHandler
                0x0000000008001a04                EXTI9_5_IRQHandler
                0x0000000008001a04                TIM9_IRQHandler
                0x0000000008001a04                TAMPER_STAMP_IRQHandler
                0x0000000008001a04                RTC_WKUP_IRQHandler
                0x0000000008001a04                SPI2_IRQHandler
                0x0000000008001a04                DMA1_Channel5_IRQHandler
                0x0000000008001a04                USB_LP_IRQHandler
                0x0000000008001a04                EXTI4_IRQHandler
                0x0000000008001a04                DMA1_Channel3_IRQHandler
                0x0000000008001a04                COMP_IRQHandler
                0x0000000008001a04                WWDG_IRQHandler
                0x0000000008001a04                TIM2_IRQHandler
                0x0000000008001a04                DAC_IRQHandler
                0x0000000008001a04                EXTI1_IRQHandler
                0x0000000008001a04                TIM11_IRQHandler
                0x0000000008001a04                USART2_IRQHandler
                0x0000000008001a04                I2C2_ER_IRQHandler
                0x0000000008001a04                DMA1_Channel2_IRQHandler
                0x0000000008001a04                FLASH_IRQHandler
                0x0000000008001a04                USART1_IRQHandler
                0x0000000008001a04                I2C1_ER_IRQHandler
 .text.HAL_Init
                0x0000000008001a06       0x30 ./Drivers/STM32L1xx_HAL_Driver/Src/stm32l1xx_hal.o
                0x0000000008001a06                HAL_Init
 *fill*         0x0000000008001a36        0x2 
 .text.HAL_InitTick
                0x0000000008001a38       0x74 ./Drivers/STM32L1xx_HAL_Driver/Src/stm32l1xx_hal.o
                0x0000000008001a38                HAL_InitTick
 .text.HAL_IncTick
                0x0000000008001aac       0x24 ./Drivers/STM32L1xx_HAL_Driver/Src/stm32l1xx_hal.o
                0x0000000008001aac                HAL_IncTick
 .text.HAL_GetTick
                0x0000000008001ad0       0x14 ./Drivers/STM32L1xx_HAL_Driver/Src/stm32l1xx_hal.o
                0x0000000008001ad0                HAL_GetTick
 .text.HAL_Delay
                0x0000000008001ae4       0x44 ./Drivers/STM32L1xx_HAL_Driver/Src/stm32l1xx_hal.o
                0x0000000008001ae4                HAL_Delay
 .text.HAL_ADC_Init
                0x0000000008001b28      0x28c ./Drivers/STM32L1xx_HAL_Driver/Src/stm32l1xx_hal_adc.o
                0x0000000008001b28                HAL_ADC_Init
 .text.HAL_ADC_ConfigChannel
                0x0000000008001db4      0x2a0 ./Drivers/STM32L1xx_HAL_Driver/Src/stm32l1xx_hal_adc.o
                0x0000000008001db4                HAL_ADC_ConfigChannel
 .text.__NVIC_SetPriorityGrouping
                0x0000000008002054       0x48 ./Drivers/STM32L1xx_HAL_Driver/Src/stm32l1xx_hal_cortex.o
 .text.__NVIC_GetPriorityGrouping
                0x000000000800209c       0x1c ./Drivers/STM32L1xx_HAL_Driver/Src/stm32l1xx_hal_cortex.o
 .text.__NVIC_SetPriority
                0x00000000080020b8       0x54 ./Drivers/STM32L1xx_HAL_Driver/Src/stm32l1xx_hal_cortex.o
 .text.NVIC_EncodePriority
                0x000000000800210c       0x64 ./Drivers/STM32L1xx_HAL_Driver/Src/stm32l1xx_hal_cortex.o
 .text.SysTick_Config
                0x0000000008002170       0x44 ./Drivers/STM32L1xx_HAL_Driver/Src/stm32l1xx_hal_cortex.o
 .text.HAL_NVIC_SetPriorityGrouping
                0x00000000080021b4       0x16 ./Drivers/STM32L1xx_HAL_Driver/Src/stm32l1xx_hal_cortex.o
                0x00000000080021b4                HAL_NVIC_SetPriorityGrouping
 .text.HAL_NVIC_SetPriority
                0x00000000080021ca       0x38 ./Drivers/STM32L1xx_HAL_Driver/Src/stm32l1xx_hal_cortex.o
                0x00000000080021ca                HAL_NVIC_SetPriority
 .text.HAL_SYSTICK_Config
                0x0000000008002202       0x18 ./Drivers/STM32L1xx_HAL_Driver/Src/stm32l1xx_hal_cortex.o
                0x0000000008002202                HAL_SYSTICK_Config
 *fill*         0x000000000800221a        0x2 
 .text.HAL_GPIO_Init
                0x000000000800221c      0x300 ./Drivers/STM32L1xx_HAL_Driver/Src/stm32l1xx_hal_gpio.o
                0x000000000800221c                HAL_GPIO_Init
 .text.HAL_GPIO_WritePin
                0x000000000800251c       0x30 ./Drivers/STM32L1xx_HAL_Driver/Src/stm32l1xx_hal_gpio.o
                0x000000000800251c                HAL_GPIO_WritePin
 .text.HAL_LCD_Init
                0x000000000800254c      0x178 ./Drivers/STM32L1xx_HAL_Driver/Src/stm32l1xx_hal_lcd.o
                0x000000000800254c                HAL_LCD_Init
 .text.HAL_LCD_Write
                0x00000000080026c4       0xbe ./Drivers/STM32L1xx_HAL_Driver/Src/stm32l1xx_hal_lcd.o
                0x00000000080026c4                HAL_LCD_Write
 .text.HAL_LCD_Clear
                0x0000000008002782       0xb4 ./Drivers/STM32L1xx_HAL_Driver/Src/stm32l1xx_hal_lcd.o
                0x0000000008002782                HAL_LCD_Clear
 .text.HAL_LCD_UpdateDisplayRequest
                0x0000000008002836       0x76 ./Drivers/STM32L1xx_HAL_Driver/Src/stm32l1xx_hal_lcd.o
                0x0000000008002836                HAL_LCD_UpdateDisplayRequest
 .text.LCD_WaitForSynchro
                0x00000000080028ac       0x46 ./Drivers/STM32L1xx_HAL_Driver/Src/stm32l1xx_hal_lcd.o
                0x00000000080028ac                LCD_WaitForSynchro
 *fill*         0x00000000080028f2        0x2 
 .text.HAL_RCC_OscConfig
                0x00000000080028f4      0x660 ./Drivers/STM32L1xx_HAL_Driver/Src/stm32l1xx_hal_rcc.o
                0x00000000080028f4                HAL_RCC_OscConfig
 .text.HAL_RCC_ClockConfig
                0x0000000008002f54      0x268 ./Drivers/STM32L1xx_HAL_Driver/Src/stm32l1xx_hal_rcc.o
                0x0000000008002f54                HAL_RCC_ClockConfig
 .text.HAL_RCC_GetSysClockFreq
                0x00000000080031bc      0x19c ./Drivers/STM32L1xx_HAL_Driver/Src/stm32l1xx_hal_rcc.o
                0x00000000080031bc                HAL_RCC_GetSysClockFreq
 .text.RCC_SetFlashLatencyFromMSIRange
                0x0000000008003358       0xc0 ./Drivers/STM32L1xx_HAL_Driver/Src/stm32l1xx_hal_rcc.o
 .text.HAL_RCCEx_PeriphCLKConfig
                0x0000000008003418      0x214 ./Drivers/STM32L1xx_HAL_Driver/Src/stm32l1xx_hal_rcc_ex.o
                0x0000000008003418                HAL_RCCEx_PeriphCLKConfig
 .text.__libc_init_array
                0x000000000800362c       0x48 c:/st/stm32cubeide_1.8.0/stm32cubeide/plugins/com.st.stm32cube.ide.mcu.externaltools.gnu-tools-for-stm32.9-2020-q2-update.win32_2.0.0.202105311346/tools/bin/../lib/gcc/arm-none-eabi/9.3.1/../../../../arm-none-eabi/lib/thumb/v7-m/nofp\libc_nano.a(lib_a-init.o)
                0x000000000800362c                __libc_init_array
 .text.memset   0x0000000008003674       0x10 c:/st/stm32cubeide_1.8.0/stm32cubeide/plugins/com.st.stm32cube.ide.mcu.externaltools.gnu-tools-for-stm32.9-2020-q2-update.win32_2.0.0.202105311346/tools/bin/../lib/gcc/arm-none-eabi/9.3.1/../../../../arm-none-eabi/lib/thumb/v7-m/nofp\libc_nano.a(lib_a-memset.o)
                0x0000000008003674                memset
 *(.glue_7)
 .glue_7        0x0000000008003684        0x0 linker stubs
 *(.glue_7t)
 .glue_7t       0x0000000008003684        0x0 linker stubs
 *(.eh_frame)
 .eh_frame      0x0000000008003684        0x0 c:/st/stm32cubeide_1.8.0/stm32cubeide/plugins/com.st.stm32cube.ide.mcu.externaltools.gnu-tools-for-stm32.9-2020-q2-update.win32_2.0.0.202105311346/tools/bin/../lib/gcc/arm-none-eabi/9.3.1/thumb/v7-m/nofp/crtbegin.o
 *(.init)
 .init          0x0000000008003684        0x4 c:/st/stm32cubeide_1.8.0/stm32cubeide/plugins/com.st.stm32cube.ide.mcu.externaltools.gnu-tools-for-stm32.9-2020-q2-update.win32_2.0.0.202105311346/tools/bin/../lib/gcc/arm-none-eabi/9.3.1/thumb/v7-m/nofp/crti.o
                0x0000000008003684                _init
 .init          0x0000000008003688        0x8 c:/st/stm32cubeide_1.8.0/stm32cubeide/plugins/com.st.stm32cube.ide.mcu.externaltools.gnu-tools-for-stm32.9-2020-q2-update.win32_2.0.0.202105311346/tools/bin/../lib/gcc/arm-none-eabi/9.3.1/thumb/v7-m/nofp/crtn.o
 *(.fini)
 .fini          0x0000000008003690        0x4 c:/st/stm32cubeide_1.8.0/stm32cubeide/plugins/com.st.stm32cube.ide.mcu.externaltools.gnu-tools-for-stm32.9-2020-q2-update.win32_2.0.0.202105311346/tools/bin/../lib/gcc/arm-none-eabi/9.3.1/thumb/v7-m/nofp/crti.o
                0x0000000008003690                _fini
 .fini          0x0000000008003694        0x8 c:/st/stm32cubeide_1.8.0/stm32cubeide/plugins/com.st.stm32cube.ide.mcu.externaltools.gnu-tools-for-stm32.9-2020-q2-update.win32_2.0.0.202105311346/tools/bin/../lib/gcc/arm-none-eabi/9.3.1/thumb/v7-m/nofp/crtn.o
                0x000000000800369c                . = ALIGN (0x4)
                0x000000000800369c                _etext = .

.vfp11_veneer   0x000000000800369c        0x0
 .vfp11_veneer  0x000000000800369c        0x0 linker stubs

.v4_bx          0x000000000800369c        0x0
 .v4_bx         0x000000000800369c        0x0 linker stubs

.iplt           0x000000000800369c        0x0
 .iplt          0x000000000800369c        0x0 c:/st/stm32cubeide_1.8.0/stm32cubeide/plugins/com.st.stm32cube.ide.mcu.externaltools.gnu-tools-for-stm32.9-2020-q2-update.win32_2.0.0.202105311346/tools/bin/../lib/gcc/arm-none-eabi/9.3.1/thumb/v7-m/nofp/crtbegin.o

.rodata         0x000000000800369c       0x9c
                0x000000000800369c                . = ALIGN (0x4)
 *(.rodata)
 .rodata        0x000000000800369c       0x37 ./Core/Src/main.o
 *(.rodata*)
 *fill*         0x00000000080036d3        0x1 
 .rodata.CapLetterMap
                0x00000000080036d4       0x34 ./Core/Src/stm32l152c_discovery_glass_lcd.o
                0x00000000080036d4                CapLetterMap
 .rodata.NumberMap
                0x0000000008003708       0x14 ./Core/Src/stm32l152c_discovery_glass_lcd.o
                0x0000000008003708                NumberMap
 .rodata.PLLMulTable
                0x000000000800371c        0x9 ./Core/Src/system_stm32l1xx.o
                0x000000000800371c                PLLMulTable
 *fill*         0x0000000008003725        0x3 
 .rodata.AHBPrescTable
                0x0000000008003728       0x10 ./Core/Src/system_stm32l1xx.o
                0x0000000008003728                AHBPrescTable
                0x0000000008003738                . = ALIGN (0x4)

.ARM.extab      0x0000000008003738        0x0
                0x0000000008003738                . = ALIGN (0x4)
 *(.ARM.extab* .gnu.linkonce.armextab.*)
                0x0000000008003738                . = ALIGN (0x4)

.ARM            0x0000000008003738        0x8
                0x0000000008003738                . = ALIGN (0x4)
                0x0000000008003738                __exidx_start = .
 *(.ARM.exidx*)
 .ARM.exidx     0x0000000008003738        0x8 c:/st/stm32cubeide_1.8.0/stm32cubeide/plugins/com.st.stm32cube.ide.mcu.externaltools.gnu-tools-for-stm32.9-2020-q2-update.win32_2.0.0.202105311346/tools/bin/../lib/gcc/arm-none-eabi/9.3.1/thumb/v7-m/nofp\libgcc.a(_udivmoddi4.o)
                0x0000000008003740                __exidx_end = .
                0x0000000008003740                . = ALIGN (0x4)

.rel.dyn        0x0000000008003740        0x0
 .rel.iplt      0x0000000008003740        0x0 c:/st/stm32cubeide_1.8.0/stm32cubeide/plugins/com.st.stm32cube.ide.mcu.externaltools.gnu-tools-for-stm32.9-2020-q2-update.win32_2.0.0.202105311346/tools/bin/../lib/gcc/arm-none-eabi/9.3.1/thumb/v7-m/nofp/crtbegin.o

.preinit_array  0x0000000008003740        0x0
                0x0000000008003740                . = ALIGN (0x4)
                0x0000000008003740                PROVIDE (__preinit_array_start = .)
 *(.preinit_array*)
                0x0000000008003740                PROVIDE (__preinit_array_end = .)
                0x0000000008003740                . = ALIGN (0x4)

.init_array     0x0000000008003740        0x4
                0x0000000008003740                . = ALIGN (0x4)
                0x0000000008003740                PROVIDE (__init_array_start = .)
 *(SORT_BY_NAME(.init_array.*))
 *(.init_array*)
 .init_array    0x0000000008003740        0x4 c:/st/stm32cubeide_1.8.0/stm32cubeide/plugins/com.st.stm32cube.ide.mcu.externaltools.gnu-tools-for-stm32.9-2020-q2-update.win32_2.0.0.202105311346/tools/bin/../lib/gcc/arm-none-eabi/9.3.1/thumb/v7-m/nofp/crtbegin.o
                0x0000000008003744                PROVIDE (__init_array_end = .)
                0x0000000008003744                . = ALIGN (0x4)

.fini_array     0x0000000008003744        0x4
                0x0000000008003744                . = ALIGN (0x4)
                [!provide]                        PROVIDE (__fini_array_start = .)
 *(SORT_BY_NAME(.fini_array.*))
 *(.fini_array*)
 .fini_array    0x0000000008003744        0x4 c:/st/stm32cubeide_1.8.0/stm32cubeide/plugins/com.st.stm32cube.ide.mcu.externaltools.gnu-tools-for-stm32.9-2020-q2-update.win32_2.0.0.202105311346/tools/bin/../lib/gcc/arm-none-eabi/9.3.1/thumb/v7-m/nofp/crtbegin.o
                [!provide]                        PROVIDE (__fini_array_end = .)
                0x0000000008003748                . = ALIGN (0x4)
                0x0000000008003748                _sidata = LOADADDR (.data)

.data           0x0000000020000000       0x18 load address 0x0000000008003748
                0x0000000020000000                . = ALIGN (0x4)
                0x0000000020000000                _sdata = .
 *(.data)
 *(.data*)
 .data.prev_game
                0x0000000020000000        0x4 ./Core/Src/main.o
                0x0000000020000000                prev_game
 .data.game     0x0000000020000004        0x4 ./Core/Src/main.o
                0x0000000020000004                game
 .data.LCDBar   0x0000000020000008        0x1 ./Core/Src/stm32l152c_discovery_glass_lcd.o
                0x0000000020000008                LCDBar
 *fill*         0x0000000020000009        0x3 
 .data.SystemCoreClock
                0x000000002000000c        0x4 ./Core/Src/system_stm32l1xx.o
                0x000000002000000c                SystemCoreClock
 .data.uwTickPrio
                0x0000000020000010        0x4 ./Drivers/STM32L1xx_HAL_Driver/Src/stm32l1xx_hal.o
                0x0000000020000010                uwTickPrio
 .data.uwTickFreq
                0x0000000020000014        0x4 ./Drivers/STM32L1xx_HAL_Driver/Src/stm32l1xx_hal.o
                0x0000000020000014                uwTickFreq
 *(.RamFunc)
 *(.RamFunc*)
                0x0000000020000018                . = ALIGN (0x4)
                0x0000000020000018                _edata = .

.igot.plt       0x0000000020000018        0x0 load address 0x0000000008003760
 .igot.plt      0x0000000020000018        0x0 c:/st/stm32cubeide_1.8.0/stm32cubeide/plugins/com.st.stm32cube.ide.mcu.externaltools.gnu-tools-for-stm32.9-2020-q2-update.win32_2.0.0.202105311346/tools/bin/../lib/gcc/arm-none-eabi/9.3.1/thumb/v7-m/nofp/crtbegin.o
                0x0000000020000018                . = ALIGN (0x4)

.bss            0x0000000020000018      0x100 load address 0x0000000008003760
                0x0000000020000018                _sbss = .
                0x0000000020000018                __bss_start__ = _sbss
 *(.bss)
 .bss           0x0000000020000018       0x1c c:/st/stm32cubeide_1.8.0/stm32cubeide/plugins/com.st.stm32cube.ide.mcu.externaltools.gnu-tools-for-stm32.9-2020-q2-update.win32_2.0.0.202105311346/tools/bin/../lib/gcc/arm-none-eabi/9.3.1/thumb/v7-m/nofp/crtbegin.o
 *(.bss*)
 .bss.winner    0x0000000020000034        0x4 ./Core/Src/main.o
                0x0000000020000034                winner
 *(COMMON)
 COMMON         0x0000000020000038       0x90 ./Core/Src/main.o
                0x0000000020000038                hlcd
                0x0000000020000074                hadc
 COMMON         0x00000000200000c8       0x4c ./Core/Src/stm32l152c_discovery_glass_lcd.o
                0x00000000200000c8                Digit
                0x00000000200000d8                LCDHandle
 COMMON         0x0000000020000114        0x4 ./Drivers/STM32L1xx_HAL_Driver/Src/stm32l1xx_hal.o
                0x0000000020000114                uwTick
                0x0000000020000118                . = ALIGN (0x4)
                0x0000000020000118                _ebss = .
                0x0000000020000118                __bss_end__ = _ebss

._user_heap_stack
                0x0000000020000118      0x600 load address 0x0000000008003760
                0x0000000020000118                . = ALIGN (0x8)
                [!provide]                        PROVIDE (end = .)
                0x0000000020000118                PROVIDE (_end = .)
                0x0000000020000318                . = (. + _Min_Heap_Size)
 *fill*         0x0000000020000118      0x200 
                0x0000000020000718                . = (. + _Min_Stack_Size)
 *fill*         0x0000000020000318      0x400 
                0x0000000020000718                . = ALIGN (0x8)

/DISCARD/
 libc.a(*)
 libm.a(*)
 libgcc.a(*)

.ARM.attributes
                0x0000000000000000       0x29
 *(.ARM.attributes)
 .ARM.attributes
                0x0000000000000000       0x1d c:/st/stm32cubeide_1.8.0/stm32cubeide/plugins/com.st.stm32cube.ide.mcu.externaltools.gnu-tools-for-stm32.9-2020-q2-update.win32_2.0.0.202105311346/tools/bin/../lib/gcc/arm-none-eabi/9.3.1/thumb/v7-m/nofp/crti.o
 .ARM.attributes
                0x000000000000001d       0x2d c:/st/stm32cubeide_1.8.0/stm32cubeide/plugins/com.st.stm32cube.ide.mcu.externaltools.gnu-tools-for-stm32.9-2020-q2-update.win32_2.0.0.202105311346/tools/bin/../lib/gcc/arm-none-eabi/9.3.1/thumb/v7-m/nofp/crtbegin.o
 .ARM.attributes
                0x000000000000004a       0x2d ./Core/Src/SDM_Utils.o
 .ARM.attributes
                0x0000000000000077       0x2d ./Core/Src/main.o
 .ARM.attributes
                0x00000000000000a4       0x2d ./Core/Src/stm32l152c_discovery_glass_lcd.o
 .ARM.attributes
                0x00000000000000d1       0x2d ./Core/Src/stm32l1xx_hal_msp.o
 .ARM.attributes
                0x00000000000000fe       0x2d ./Core/Src/stm32l1xx_it.o
 .ARM.attributes
                0x000000000000012b       0x2d ./Core/Src/system_stm32l1xx.o
 .ARM.attributes
                0x0000000000000158       0x21 ./Core/Startup/startup_stm32l152rbtx.o
 .ARM.attributes
                0x0000000000000179       0x2d ./Drivers/STM32L1xx_HAL_Driver/Src/stm32l1xx_hal.o
 .ARM.attributes
                0x00000000000001a6       0x2d ./Drivers/STM32L1xx_HAL_Driver/Src/stm32l1xx_hal_adc.o
 .ARM.attributes
                0x00000000000001d3       0x2d ./Drivers/STM32L1xx_HAL_Driver/Src/stm32l1xx_hal_cortex.o
 .ARM.attributes
                0x0000000000000200       0x2d ./Drivers/STM32L1xx_HAL_Driver/Src/stm32l1xx_hal_gpio.o
 .ARM.attributes
                0x000000000000022d       0x2d ./Drivers/STM32L1xx_HAL_Driver/Src/stm32l1xx_hal_lcd.o
 .ARM.attributes
                0x000000000000025a       0x2d ./Drivers/STM32L1xx_HAL_Driver/Src/stm32l1xx_hal_rcc.o
 .ARM.attributes
                0x0000000000000287       0x2d ./Drivers/STM32L1xx_HAL_Driver/Src/stm32l1xx_hal_rcc_ex.o
 .ARM.attributes
                0x00000000000002b4       0x2d c:/st/stm32cubeide_1.8.0/stm32cubeide/plugins/com.st.stm32cube.ide.mcu.externaltools.gnu-tools-for-stm32.9-2020-q2-update.win32_2.0.0.202105311346/tools/bin/../lib/gcc/arm-none-eabi/9.3.1/../../../../arm-none-eabi/lib/thumb/v7-m/nofp\libc_nano.a(lib_a-init.o)
 .ARM.attributes
                0x00000000000002e1       0x2d c:/st/stm32cubeide_1.8.0/stm32cubeide/plugins/com.st.stm32cube.ide.mcu.externaltools.gnu-tools-for-stm32.9-2020-q2-update.win32_2.0.0.202105311346/tools/bin/../lib/gcc/arm-none-eabi/9.3.1/../../../../arm-none-eabi/lib/thumb/v7-m/nofp\libc_nano.a(lib_a-memset.o)
 .ARM.attributes
                0x000000000000030e       0x1d c:/st/stm32cubeide_1.8.0/stm32cubeide/plugins/com.st.stm32cube.ide.mcu.externaltools.gnu-tools-for-stm32.9-2020-q2-update.win32_2.0.0.202105311346/tools/bin/../lib/gcc/arm-none-eabi/9.3.1/thumb/v7-m/nofp\libgcc.a(_aeabi_uldivmod.o)
 .ARM.attributes
                0x000000000000032b       0x2d c:/st/stm32cubeide_1.8.0/stm32cubeide/plugins/com.st.stm32cube.ide.mcu.externaltools.gnu-tools-for-stm32.9-2020-q2-update.win32_2.0.0.202105311346/tools/bin/../lib/gcc/arm-none-eabi/9.3.1/thumb/v7-m/nofp\libgcc.a(_udivmoddi4.o)
 .ARM.attributes
                0x0000000000000358       0x1d c:/st/stm32cubeide_1.8.0/stm32cubeide/plugins/com.st.stm32cube.ide.mcu.externaltools.gnu-tools-for-stm32.9-2020-q2-update.win32_2.0.0.202105311346/tools/bin/../lib/gcc/arm-none-eabi/9.3.1/thumb/v7-m/nofp\libgcc.a(_dvmd_tls.o)
 .ARM.attributes
                0x0000000000000375       0x1d c:/st/stm32cubeide_1.8.0/stm32cubeide/plugins/com.st.stm32cube.ide.mcu.externaltools.gnu-tools-for-stm32.9-2020-q2-update.win32_2.0.0.202105311346/tools/bin/../lib/gcc/arm-none-eabi/9.3.1/thumb/v7-m/nofp/crtn.o
OUTPUT(Micros_LAB_Project.elf elf32-littlearm)
LOAD linker stubs
LOAD c:/st/stm32cubeide_1.8.0/stm32cubeide/plugins/com.st.stm32cube.ide.mcu.externaltools.gnu-tools-for-stm32.9-2020-q2-update.win32_2.0.0.202105311346/tools/bin/../lib/gcc/arm-none-eabi/9.3.1/../../../../arm-none-eabi/lib/thumb/v7-m/nofp\libc.a
LOAD c:/st/stm32cubeide_1.8.0/stm32cubeide/plugins/com.st.stm32cube.ide.mcu.externaltools.gnu-tools-for-stm32.9-2020-q2-update.win32_2.0.0.202105311346/tools/bin/../lib/gcc/arm-none-eabi/9.3.1/../../../../arm-none-eabi/lib/thumb/v7-m/nofp\libm.a
LOAD c:/st/stm32cubeide_1.8.0/stm32cubeide/plugins/com.st.stm32cube.ide.mcu.externaltools.gnu-tools-for-stm32.9-2020-q2-update.win32_2.0.0.202105311346/tools/bin/../lib/gcc/arm-none-eabi/9.3.1/thumb/v7-m/nofp\libgcc.a

.debug_info     0x0000000000000000     0x6f0b
 .debug_info    0x0000000000000000       0xe7 ./Core/Src/SDM_Utils.o
 .debug_info    0x00000000000000e7     0x1034 ./Core/Src/main.o
 .debug_info    0x000000000000111b      0xd5d ./Core/Src/stm32l152c_discovery_glass_lcd.o
 .debug_info    0x0000000000001e78      0xbf4 ./Core/Src/stm32l1xx_hal_msp.o
 .debug_info    0x0000000000002a6c      0x213 ./Core/Src/stm32l1xx_it.o
 .debug_info    0x0000000000002c7f      0x2f8 ./Core/Src/system_stm32l1xx.o
 .debug_info    0x0000000000002f77       0x22 ./Core/Startup/startup_stm32l152rbtx.o
 .debug_info    0x0000000000002f99      0x741 ./Drivers/STM32L1xx_HAL_Driver/Src/stm32l1xx_hal.o
 .debug_info    0x00000000000036da      0xf7e ./Drivers/STM32L1xx_HAL_Driver/Src/stm32l1xx_hal_adc.o
 .debug_info    0x0000000000004658      0xdf6 ./Drivers/STM32L1xx_HAL_Driver/Src/stm32l1xx_hal_cortex.o
 .debug_info    0x000000000000544e      0x704 ./Drivers/STM32L1xx_HAL_Driver/Src/stm32l1xx_hal_gpio.o
 .debug_info    0x0000000000005b52      0x5fe ./Drivers/STM32L1xx_HAL_Driver/Src/stm32l1xx_hal_lcd.o
 .debug_info    0x0000000000006150      0x98d ./Drivers/STM32L1xx_HAL_Driver/Src/stm32l1xx_hal_rcc.o
 .debug_info    0x0000000000006add      0x42e ./Drivers/STM32L1xx_HAL_Driver/Src/stm32l1xx_hal_rcc_ex.o

.debug_abbrev   0x0000000000000000     0x18c6
 .debug_abbrev  0x0000000000000000       0x85 ./Core/Src/SDM_Utils.o
 .debug_abbrev  0x0000000000000085      0x28c ./Core/Src/main.o
 .debug_abbrev  0x0000000000000311      0x234 ./Core/Src/stm32l152c_discovery_glass_lcd.o
 .debug_abbrev  0x0000000000000545      0x1ac ./Core/Src/stm32l1xx_hal_msp.o
 .debug_abbrev  0x00000000000006f1       0xb6 ./Core/Src/stm32l1xx_it.o
 .debug_abbrev  0x00000000000007a7      0x129 ./Core/Src/system_stm32l1xx.o
 .debug_abbrev  0x00000000000008d0       0x12 ./Core/Startup/startup_stm32l152rbtx.o
 .debug_abbrev  0x00000000000008e2      0x24b ./Drivers/STM32L1xx_HAL_Driver/Src/stm32l1xx_hal.o
 .debug_abbrev  0x0000000000000b2d      0x26b ./Drivers/STM32L1xx_HAL_Driver/Src/stm32l1xx_hal_adc.o
 .debug_abbrev  0x0000000000000d98      0x33c ./Drivers/STM32L1xx_HAL_Driver/Src/stm32l1xx_hal_cortex.o
 .debug_abbrev  0x00000000000010d4      0x1f1 ./Drivers/STM32L1xx_HAL_Driver/Src/stm32l1xx_hal_gpio.o
 .debug_abbrev  0x00000000000012c5      0x1e6 ./Drivers/STM32L1xx_HAL_Driver/Src/stm32l1xx_hal_lcd.o
 .debug_abbrev  0x00000000000014ab      0x268 ./Drivers/STM32L1xx_HAL_Driver/Src/stm32l1xx_hal_rcc.o
 .debug_abbrev  0x0000000000001713      0x1b3 ./Drivers/STM32L1xx_HAL_Driver/Src/stm32l1xx_hal_rcc_ex.o

.debug_aranges  0x0000000000000000      0x678
 .debug_aranges
                0x0000000000000000       0x28 ./Core/Src/SDM_Utils.o
 .debug_aranges
                0x0000000000000028       0x60 ./Core/Src/main.o
 .debug_aranges
                0x0000000000000088       0x98 ./Core/Src/stm32l152c_discovery_glass_lcd.o
 .debug_aranges
                0x0000000000000120       0x40 ./Core/Src/stm32l1xx_hal_msp.o
 .debug_aranges
                0x0000000000000160       0x60 ./Core/Src/stm32l1xx_it.o
 .debug_aranges
                0x00000000000001c0       0x28 ./Core/Src/system_stm32l1xx.o
 .debug_aranges
                0x00000000000001e8       0x28 ./Core/Startup/startup_stm32l152rbtx.o
 .debug_aranges
                0x0000000000000210       0xe0 ./Drivers/STM32L1xx_HAL_Driver/Src/stm32l1xx_hal.o
 .debug_aranges
                0x00000000000002f0       0xf0 ./Drivers/STM32L1xx_HAL_Driver/Src/stm32l1xx_hal_adc.o
 .debug_aranges
                0x00000000000003e0      0x118 ./Drivers/STM32L1xx_HAL_Driver/Src/stm32l1xx_hal_cortex.o
 .debug_aranges
                0x00000000000004f8       0x58 ./Drivers/STM32L1xx_HAL_Driver/Src/stm32l1xx_hal_gpio.o
 .debug_aranges
                0x0000000000000550       0x68 ./Drivers/STM32L1xx_HAL_Driver/Src/stm32l1xx_hal_lcd.o
 .debug_aranges
                0x00000000000005b8       0x90 ./Drivers/STM32L1xx_HAL_Driver/Src/stm32l1xx_hal_rcc.o
 .debug_aranges
                0x0000000000000648       0x30 ./Drivers/STM32L1xx_HAL_Driver/Src/stm32l1xx_hal_rcc_ex.o

.debug_ranges   0x0000000000000000      0x5a0
 .debug_ranges  0x0000000000000000       0x18 ./Core/Src/SDM_Utils.o
 .debug_ranges  0x0000000000000018       0x50 ./Core/Src/main.o
 .debug_ranges  0x0000000000000068       0x88 ./Core/Src/stm32l152c_discovery_glass_lcd.o
 .debug_ranges  0x00000000000000f0       0x30 ./Core/Src/stm32l1xx_hal_msp.o
 .debug_ranges  0x0000000000000120       0x50 ./Core/Src/stm32l1xx_it.o
 .debug_ranges  0x0000000000000170       0x18 ./Core/Src/system_stm32l1xx.o
 .debug_ranges  0x0000000000000188       0x20 ./Core/Startup/startup_stm32l152rbtx.o
 .debug_ranges  0x00000000000001a8       0xd0 ./Drivers/STM32L1xx_HAL_Driver/Src/stm32l1xx_hal.o
 .debug_ranges  0x0000000000000278       0xe0 ./Drivers/STM32L1xx_HAL_Driver/Src/stm32l1xx_hal_adc.o
 .debug_ranges  0x0000000000000358      0x108 ./Drivers/STM32L1xx_HAL_Driver/Src/stm32l1xx_hal_cortex.o
 .debug_ranges  0x0000000000000460       0x48 ./Drivers/STM32L1xx_HAL_Driver/Src/stm32l1xx_hal_gpio.o
 .debug_ranges  0x00000000000004a8       0x58 ./Drivers/STM32L1xx_HAL_Driver/Src/stm32l1xx_hal_lcd.o
 .debug_ranges  0x0000000000000500       0x80 ./Drivers/STM32L1xx_HAL_Driver/Src/stm32l1xx_hal_rcc.o
 .debug_ranges  0x0000000000000580       0x20 ./Drivers/STM32L1xx_HAL_Driver/Src/stm32l1xx_hal_rcc_ex.o

.debug_macro    0x0000000000000000    0x13fbb
 .debug_macro   0x0000000000000000       0x11 ./Core/Src/SDM_Utils.o
 .debug_macro   0x0000000000000011      0xa9c ./Core/Src/SDM_Utils.o
 .debug_macro   0x0000000000000aad      0x1e9 ./Core/Src/main.o
 .debug_macro   0x0000000000000c96      0x10f ./Core/Src/main.o
 .debug_macro   0x0000000000000da5       0x2e ./Core/Src/main.o
 .debug_macro   0x0000000000000dd3       0x22 ./Core/Src/main.o
 .debug_macro   0x0000000000000df5       0x22 ./Core/Src/main.o
 .debug_macro   0x0000000000000e17       0x8e ./Core/Src/main.o
 .debug_macro   0x0000000000000ea5       0x51 ./Core/Src/main.o
 .debug_macro   0x0000000000000ef6      0x103 ./Core/Src/main.o
 .debug_macro   0x0000000000000ff9       0x6a ./Core/Src/main.o
 .debug_macro   0x0000000000001063      0x1df ./Core/Src/main.o
 .debug_macro   0x0000000000001242       0x1c ./Core/Src/main.o
 .debug_macro   0x000000000000125e       0x22 ./Core/Src/main.o
 .debug_macro   0x0000000000001280       0xc3 ./Core/Src/main.o
 .debug_macro   0x0000000000001343      0xe49 ./Core/Src/main.o
 .debug_macro   0x000000000000218c      0x11f ./Core/Src/main.o
 .debug_macro   0x00000000000022ab     0x9bee ./Core/Src/main.o
 .debug_macro   0x000000000000be99       0x6d ./Core/Src/main.o
 .debug_macro   0x000000000000bf06     0x34ca ./Core/Src/main.o
 .debug_macro   0x000000000000f3d0      0x174 ./Core/Src/main.o
 .debug_macro   0x000000000000f544       0x5b ./Core/Src/main.o
 .debug_macro   0x000000000000f59f      0xe38 ./Core/Src/main.o
 .debug_macro   0x00000000000103d7       0xbd ./Core/Src/main.o
 .debug_macro   0x0000000000010494      0x1b9 ./Core/Src/main.o
 .debug_macro   0x000000000001064d       0xad ./Core/Src/main.o
 .debug_macro   0x00000000000106fa      0x21e ./Core/Src/main.o
 .debug_macro   0x0000000000010918      0x236 ./Core/Src/main.o
 .debug_macro   0x0000000000010b4e      0x631 ./Core/Src/main.o
 .debug_macro   0x000000000001117f      0x15e ./Core/Src/main.o
 .debug_macro   0x00000000000112dd      0x108 ./Core/Src/main.o
 .debug_macro   0x00000000000113e5      0x281 ./Core/Src/main.o
 .debug_macro   0x0000000000011666      0x3d3 ./Core/Src/main.o
 .debug_macro   0x0000000000011a39      0x1e9 ./Core/Src/main.o
 .debug_macro   0x0000000000011c22       0x22 ./Core/Src/main.o
 .debug_macro   0x0000000000011c44      0x15c ./Core/Src/main.o
 .debug_macro   0x0000000000011da0      0x3ce ./Core/Src/main.o
 .debug_macro   0x000000000001216e      0x20c ./Core/Src/main.o
 .debug_macro   0x000000000001237a       0x88 ./Core/Src/main.o
 .debug_macro   0x0000000000012402      0x7ac ./Core/Src/main.o
 .debug_macro   0x0000000000012bae       0xc4 ./Core/Src/main.o
 .debug_macro   0x0000000000012c72      0x1eb ./Core/Src/stm32l152c_discovery_glass_lcd.o
 .debug_macro   0x0000000000012e5d      0x1be ./Core/Src/stm32l1xx_hal_msp.o
 .debug_macro   0x000000000001301b      0x1c8 ./Core/Src/stm32l1xx_it.o
 .debug_macro   0x00000000000131e3      0x1af ./Core/Src/system_stm32l1xx.o
 .debug_macro   0x0000000000013392      0x1d3 ./Drivers/STM32L1xx_HAL_Driver/Src/stm32l1xx_hal.o
 .debug_macro   0x0000000000013565      0x1cc ./Drivers/STM32L1xx_HAL_Driver/Src/stm32l1xx_hal_adc.o
 .debug_macro   0x0000000000013731      0x1af ./Drivers/STM32L1xx_HAL_Driver/Src/stm32l1xx_hal_cortex.o
 .debug_macro   0x00000000000138e0      0x1b6 ./Drivers/STM32L1xx_HAL_Driver/Src/stm32l1xx_hal_gpio.o
 .debug_macro   0x0000000000013a96      0x1b5 ./Drivers/STM32L1xx_HAL_Driver/Src/stm32l1xx_hal_lcd.o
 .debug_macro   0x0000000000013c4b      0x1c1 ./Drivers/STM32L1xx_HAL_Driver/Src/stm32l1xx_hal_rcc.o
 .debug_macro   0x0000000000013e0c      0x1af ./Drivers/STM32L1xx_HAL_Driver/Src/stm32l1xx_hal_rcc_ex.o

.debug_line     0x0000000000000000     0x7f89
 .debug_line    0x0000000000000000       0xc7 ./Core/Src/SDM_Utils.o
 .debug_line    0x00000000000000c7      0x997 ./Core/Src/main.o
 .debug_line    0x0000000000000a5e      0xf62 ./Core/Src/stm32l152c_discovery_glass_lcd.o
 .debug_line    0x00000000000019c0      0x76b ./Core/Src/stm32l1xx_hal_msp.o
 .debug_line    0x000000000000212b      0x76e ./Core/Src/stm32l1xx_it.o
 .debug_line    0x0000000000002899      0x74a ./Core/Src/system_stm32l1xx.o
 .debug_line    0x0000000000002fe3       0x87 ./Core/Startup/startup_stm32l152rbtx.o
 .debug_line    0x000000000000306a      0x96f ./Drivers/STM32L1xx_HAL_Driver/Src/stm32l1xx_hal.o
 .debug_line    0x00000000000039d9      0xf58 ./Drivers/STM32L1xx_HAL_Driver/Src/stm32l1xx_hal_adc.o
 .debug_line    0x0000000000004931      0xc3c ./Drivers/STM32L1xx_HAL_Driver/Src/stm32l1xx_hal_cortex.o
 .debug_line    0x000000000000556d      0x9c1 ./Drivers/STM32L1xx_HAL_Driver/Src/stm32l1xx_hal_gpio.o
 .debug_line    0x0000000000005f2e      0x971 ./Drivers/STM32L1xx_HAL_Driver/Src/stm32l1xx_hal_lcd.o
 .debug_line    0x000000000000689f      0xe78 ./Drivers/STM32L1xx_HAL_Driver/Src/stm32l1xx_hal_rcc.o
 .debug_line    0x0000000000007717      0x872 ./Drivers/STM32L1xx_HAL_Driver/Src/stm32l1xx_hal_rcc_ex.o

.debug_str      0x0000000000000000    0x7c78d
 .debug_str     0x0000000000000000     0x2dac ./Core/Src/SDM_Utils.o
                                       0x2dcd (size before relaxing)
 .debug_str     0x0000000000002dac    0x781b1 ./Core/Src/main.o
                                      0x7b233 (size before relaxing)
 .debug_str     0x000000000007af5d      0x459 ./Core/Src/stm32l152c_discovery_glass_lcd.o
                                      0x7a765 (size before relaxing)
 .debug_str     0x000000000007b3b6       0x70 ./Core/Src/stm32l1xx_hal_msp.o
                                      0x77f18 (size before relaxing)
 .debug_str     0x000000000007b426       0xbd ./Core/Src/stm32l1xx_it.o
                                      0x7799b (size before relaxing)
 .debug_str     0x000000000007b4e3       0x61 ./Core/Src/system_stm32l1xx.o
                                      0x7721e (size before relaxing)
 .debug_str     0x000000000007b544       0x36 ./Core/Startup/startup_stm32l152rbtx.o
                                         0x6c (size before relaxing)
 .debug_str     0x000000000007b57a      0x5b0 ./Drivers/STM32L1xx_HAL_Driver/Src/stm32l1xx_hal.o
                                      0x7787a (size before relaxing)
 .debug_str     0x000000000007bb2a      0x34b ./Drivers/STM32L1xx_HAL_Driver/Src/stm32l1xx_hal_adc.o
                                      0x77983 (size before relaxing)
 .debug_str     0x000000000007be75      0x3ba ./Drivers/STM32L1xx_HAL_Driver/Src/stm32l1xx_hal_cortex.o
                                      0x779ac (size before relaxing)
 .debug_str     0x000000000007c22f      0x116 ./Drivers/STM32L1xx_HAL_Driver/Src/stm32l1xx_hal_gpio.o
                                      0x773fb (size before relaxing)
 .debug_str     0x000000000007c345      0x102 ./Drivers/STM32L1xx_HAL_Driver/Src/stm32l1xx_hal_lcd.o
                                      0x77444 (size before relaxing)
 .debug_str     0x000000000007c447      0x295 ./Drivers/STM32L1xx_HAL_Driver/Src/stm32l1xx_hal_rcc.o
                                      0x7768d (size before relaxing)
 .debug_str     0x000000000007c6dc       0xb1 ./Drivers/STM32L1xx_HAL_Driver/Src/stm32l1xx_hal_rcc_ex.o
                                      0x77351 (size before relaxing)

.comment        0x0000000000000000       0x53
 .comment       0x0000000000000000       0x53 ./Core/Src/SDM_Utils.o
                                         0x54 (size before relaxing)
 .comment       0x0000000000000053       0x54 ./Core/Src/main.o
 .comment       0x0000000000000053       0x54 ./Core/Src/stm32l152c_discovery_glass_lcd.o
 .comment       0x0000000000000053       0x54 ./Core/Src/stm32l1xx_hal_msp.o
 .comment       0x0000000000000053       0x54 ./Core/Src/stm32l1xx_it.o
 .comment       0x0000000000000053       0x54 ./Core/Src/system_stm32l1xx.o
 .comment       0x0000000000000053       0x54 ./Drivers/STM32L1xx_HAL_Driver/Src/stm32l1xx_hal.o
 .comment       0x0000000000000053       0x54 ./Drivers/STM32L1xx_HAL_Driver/Src/stm32l1xx_hal_adc.o
 .comment       0x0000000000000053       0x54 ./Drivers/STM32L1xx_HAL_Driver/Src/stm32l1xx_hal_cortex.o
 .comment       0x0000000000000053       0x54 ./Drivers/STM32L1xx_HAL_Driver/Src/stm32l1xx_hal_gpio.o
 .comment       0x0000000000000053       0x54 ./Drivers/STM32L1xx_HAL_Driver/Src/stm32l1xx_hal_lcd.o
 .comment       0x0000000000000053       0x54 ./Drivers/STM32L1xx_HAL_Driver/Src/stm32l1xx_hal_rcc.o
 .comment       0x0000000000000053       0x54 ./Drivers/STM32L1xx_HAL_Driver/Src/stm32l1xx_hal_rcc_ex.o

.debug_frame    0x0000000000000000     0x17ec
 .debug_frame   0x0000000000000000       0x60 ./Core/Src/SDM_Utils.o
 .debug_frame   0x0000000000000060      0x12c ./Core/Src/main.o
 .debug_frame   0x000000000000018c      0x240 ./Core/Src/stm32l152c_discovery_glass_lcd.o
 .debug_frame   0x00000000000003cc       0xc4 ./Core/Src/stm32l1xx_hal_msp.o
 .debug_frame   0x0000000000000490      0x104 ./Core/Src/stm32l1xx_it.o
 .debug_frame   0x0000000000000594       0x58 ./Core/Src/system_stm32l1xx.o
 .debug_frame   0x00000000000005ec      0x33c ./Drivers/STM32L1xx_HAL_Driver/Src/stm32l1xx_hal.o
 .debug_frame   0x0000000000000928      0x40c ./Drivers/STM32L1xx_HAL_Driver/Src/stm32l1xx_hal_adc.o
 .debug_frame   0x0000000000000d34      0x498 ./Drivers/STM32L1xx_HAL_Driver/Src/stm32l1xx_hal_cortex.o
 .debug_frame   0x00000000000011cc      0x14c ./Drivers/STM32L1xx_HAL_Driver/Src/stm32l1xx_hal_gpio.o
 .debug_frame   0x0000000000001318      0x188 ./Drivers/STM32L1xx_HAL_Driver/Src/stm32l1xx_hal_lcd.o
 .debug_frame   0x00000000000014a0      0x21c ./Drivers/STM32L1xx_HAL_Driver/Src/stm32l1xx_hal_rcc.o
 .debug_frame   0x00000000000016bc       0x84 ./Drivers/STM32L1xx_HAL_Driver/Src/stm32l1xx_hal_rcc_ex.o
 .debug_frame   0x0000000000001740       0x2c c:/st/stm32cubeide_1.8.0/stm32cubeide/plugins/com.st.stm32cube.ide.mcu.externaltools.gnu-tools-for-stm32.9-2020-q2-update.win32_2.0.0.202105311346/tools/bin/../lib/gcc/arm-none-eabi/9.3.1/../../../../arm-none-eabi/lib/thumb/v7-m/nofp\libc_nano.a(lib_a-init.o)
 .debug_frame   0x000000000000176c       0x20 c:/st/stm32cubeide_1.8.0/stm32cubeide/plugins/com.st.stm32cube.ide.mcu.externaltools.gnu-tools-for-stm32.9-2020-q2-update.win32_2.0.0.202105311346/tools/bin/../lib/gcc/arm-none-eabi/9.3.1/../../../../arm-none-eabi/lib/thumb/v7-m/nofp\libc_nano.a(lib_a-memset.o)
 .debug_frame   0x000000000000178c       0x2c c:/st/stm32cubeide_1.8.0/stm32cubeide/plugins/com.st.stm32cube.ide.mcu.externaltools.gnu-tools-for-stm32.9-2020-q2-update.win32_2.0.0.202105311346/tools/bin/../lib/gcc/arm-none-eabi/9.3.1/thumb/v7-m/nofp\libgcc.a(_aeabi_uldivmod.o)
 .debug_frame   0x00000000000017b8       0x34 c:/st/stm32cubeide_1.8.0/stm32cubeide/plugins/com.st.stm32cube.ide.mcu.externaltools.gnu-tools-for-stm32.9-2020-q2-update.win32_2.0.0.202105311346/tools/bin/../lib/gcc/arm-none-eabi/9.3.1/thumb/v7-m/nofp\libgcc.a(_udivmoddi4.o)
