../Core/Src/main.c:82:6:EXTI0_IRQHandler	4	static
../Core/Src/main.c:96:6:EXTI9_5_IRQHandler	4	static
../Core/Src/main.c:121:5:main	8	static
../Core/Src/main.c:325:6:SystemClock_Config	96	static
../Core/Src/main.c:379:13:MX_ADC_Init	24	static
../Core/Src/main.c:434:13:MX_LCD_Init	8	static
../Core/Src/main.c:471:13:MX_TIM4_Init	32	static
../Core/Src/main.c:516:13:MX_TS_Init	4	static
../Core/Src/main.c:537:13:MX_GPIO_Init	40	static
../Core/Src/main.c:572:6:Error_Handler	4	static,ignoring_inline_asm
