../Core/Src/main.c:95:6:EXTI0_IRQHandler	4	static
../Core/Src/main.c:107:6:EXTI1_IRQHandler	4	static
../Core/Src/main.c:117:6:EXTI2_IRQHandler	4	static
../Core/Src/main.c:133:5:main	8	static
../Core/Src/main.c:299:6:SystemClock_Config	96	static
../Core/Src/main.c:353:13:MX_ADC_Init	24	static
../Core/Src/main.c:408:13:MX_LCD_Init	8	static
../Core/Src/main.c:445:13:MX_TS_Init	4	static
../Core/Src/main.c:466:13:MX_GPIO_Init	40	static
../Core/Src/main.c:501:6:Error_Handler	4	static,ignoring_inline_asm
